<?xml version="1.0"?>
<link_info>
   <banner>TI ARM Linker PC v15.12.1.LTS</banner>
   <copyright>Copyright (c) 1996-2015 Texas Instruments Incorporated</copyright>
   <link_time>0x5dbc3efa</link_time>
   <link_errors>0x0</link_errors>
   <output_file>Cryptography.out</output_file>
   <entry_point>
      <name>_c_int00</name>
      <address>0x86e1</address>
   </entry_point>
   <input_file_list>
      <input_file id="fl-2">
         <path>.\</path>
         <kind>object</kind>
         <file>flint.obj</file>
         <name>flint.obj</name>
      </input_file>
      <input_file id="fl-3">
         <path>.\</path>
         <kind>object</kind>
         <file>main.obj</file>
         <name>main.obj</name>
      </input_file>
      <input_file id="fl-4">
         <path>.\</path>
         <kind>object</kind>
         <file>tm4c123gh6pm_startup_ccs.obj</file>
         <name>tm4c123gh6pm_startup_ccs.obj</name>
      </input_file>
      <input_file id="fl-be">
         <path>C:\ti\ccsv6\tools\compiler\ti-cgt-arm_15.12.1.LTS\lib\</path>
         <kind>archive</kind>
         <file>rtsv7M4_T_le_v4SPD16_eabi.lib</file>
         <name>boot.obj</name>
      </input_file>
      <input_file id="fl-bf">
         <path>C:\ti\ccsv6\tools\compiler\ti-cgt-arm_15.12.1.LTS\lib\</path>
         <kind>archive</kind>
         <file>rtsv7M4_T_le_v4SPD16_eabi.lib</file>
         <name>clock.obj</name>
      </input_file>
      <input_file id="fl-c0">
         <path>C:\ti\ccsv6\tools\compiler\ti-cgt-arm_15.12.1.LTS\lib\</path>
         <kind>archive</kind>
         <file>rtsv7M4_T_le_v4SPD16_eabi.lib</file>
         <name>copy_decompress_none.obj</name>
      </input_file>
      <input_file id="fl-c1">
         <path>C:\ti\ccsv6\tools\compiler\ti-cgt-arm_15.12.1.LTS\lib\</path>
         <kind>archive</kind>
         <file>rtsv7M4_T_le_v4SPD16_eabi.lib</file>
         <name>copy_decompress_rle.obj</name>
      </input_file>
      <input_file id="fl-c2">
         <path>C:\ti\ccsv6\tools\compiler\ti-cgt-arm_15.12.1.LTS\lib\</path>
         <kind>archive</kind>
         <file>rtsv7M4_T_le_v4SPD16_eabi.lib</file>
         <name>copy_zero_init.obj</name>
      </input_file>
      <input_file id="fl-c3">
         <path>C:\ti\ccsv6\tools\compiler\ti-cgt-arm_15.12.1.LTS\lib\</path>
         <kind>archive</kind>
         <file>rtsv7M4_T_le_v4SPD16_eabi.lib</file>
         <name>exit.obj</name>
      </input_file>
      <input_file id="fl-c4">
         <path>C:\ti\ccsv6\tools\compiler\ti-cgt-arm_15.12.1.LTS\lib\</path>
         <kind>archive</kind>
         <file>rtsv7M4_T_le_v4SPD16_eabi.lib</file>
         <name>islower.obj</name>
      </input_file>
      <input_file id="fl-c5">
         <path>C:\ti\ccsv6\tools\compiler\ti-cgt-arm_15.12.1.LTS\lib\</path>
         <kind>archive</kind>
         <file>rtsv7M4_T_le_v4SPD16_eabi.lib</file>
         <name>isspace.obj</name>
      </input_file>
      <input_file id="fl-c6">
         <path>C:\ti\ccsv6\tools\compiler\ti-cgt-arm_15.12.1.LTS\lib\</path>
         <kind>archive</kind>
         <file>rtsv7M4_T_le_v4SPD16_eabi.lib</file>
         <name>isupper.obj</name>
      </input_file>
      <input_file id="fl-c7">
         <path>C:\ti\ccsv6\tools\compiler\ti-cgt-arm_15.12.1.LTS\lib\</path>
         <kind>archive</kind>
         <file>rtsv7M4_T_le_v4SPD16_eabi.lib</file>
         <name>memcpy_t2.obj</name>
      </input_file>
      <input_file id="fl-c8">
         <path>C:\ti\ccsv6\tools\compiler\ti-cgt-arm_15.12.1.LTS\lib\</path>
         <kind>archive</kind>
         <file>rtsv7M4_T_le_v4SPD16_eabi.lib</file>
         <name>memory.obj</name>
      </input_file>
      <input_file id="fl-c9">
         <path>C:\ti\ccsv6\tools\compiler\ti-cgt-arm_15.12.1.LTS\lib\</path>
         <kind>archive</kind>
         <file>rtsv7M4_T_le_v4SPD16_eabi.lib</file>
         <name>memset_t2.obj</name>
      </input_file>
      <input_file id="fl-ca">
         <path>C:\ti\ccsv6\tools\compiler\ti-cgt-arm_15.12.1.LTS\lib\</path>
         <kind>archive</kind>
         <file>rtsv7M4_T_le_v4SPD16_eabi.lib</file>
         <name>mpu_init.obj</name>
      </input_file>
      <input_file id="fl-cb">
         <path>C:\ti\ccsv6\tools\compiler\ti-cgt-arm_15.12.1.LTS\lib\</path>
         <kind>archive</kind>
         <file>rtsv7M4_T_le_v4SPD16_eabi.lib</file>
         <name>pre_init.obj</name>
      </input_file>
      <input_file id="fl-cc">
         <path>C:\ti\ccsv6\tools\compiler\ti-cgt-arm_15.12.1.LTS\lib\</path>
         <kind>archive</kind>
         <file>rtsv7M4_T_le_v4SPD16_eabi.lib</file>
         <name>printf.obj</name>
      </input_file>
      <input_file id="fl-cd">
         <path>C:\ti\ccsv6\tools\compiler\ti-cgt-arm_15.12.1.LTS\lib\</path>
         <kind>archive</kind>
         <file>rtsv7M4_T_le_v4SPD16_eabi.lib</file>
         <name>sprintf.obj</name>
      </input_file>
      <input_file id="fl-ce">
         <path>C:\ti\ccsv6\tools\compiler\ti-cgt-arm_15.12.1.LTS\lib\</path>
         <kind>archive</kind>
         <file>rtsv7M4_T_le_v4SPD16_eabi.lib</file>
         <name>stkdepth_vars.obj</name>
      </input_file>
      <input_file id="fl-cf">
         <path>C:\ti\ccsv6\tools\compiler\ti-cgt-arm_15.12.1.LTS\lib\</path>
         <kind>archive</kind>
         <file>rtsv7M4_T_le_v4SPD16_eabi.lib</file>
         <name>strlen.obj</name>
      </input_file>
      <input_file id="fl-d0">
         <path>C:\ti\ccsv6\tools\compiler\ti-cgt-arm_15.12.1.LTS\lib\</path>
         <kind>archive</kind>
         <file>rtsv7M4_T_le_v4SPD16_eabi.lib</file>
         <name>time.obj</name>
      </input_file>
      <input_file id="fl-d1">
         <path>C:\ti\ccsv6\tools\compiler\ti-cgt-arm_15.12.1.LTS\lib\</path>
         <kind>archive</kind>
         <file>rtsv7M4_T_le_v4SPD16_eabi.lib</file>
         <name>tolower.obj</name>
      </input_file>
      <input_file id="fl-d2">
         <path>C:\ti\ccsv6\tools\compiler\ti-cgt-arm_15.12.1.LTS\lib\</path>
         <kind>archive</kind>
         <file>rtsv7M4_T_le_v4SPD16_eabi.lib</file>
         <name>toupper.obj</name>
      </input_file>
      <input_file id="fl-d3">
         <path>C:\ti\ccsv6\tools\compiler\ti-cgt-arm_15.12.1.LTS\lib\</path>
         <kind>archive</kind>
         <file>rtsv7M4_T_le_v4SPD16_eabi.lib</file>
         <name>trgdrv.obj</name>
      </input_file>
      <input_file id="fl-d4">
         <path>C:\ti\ccsv6\tools\compiler\ti-cgt-arm_15.12.1.LTS\lib\</path>
         <kind>archive</kind>
         <file>rtsv7M4_T_le_v4SPD16_eabi.lib</file>
         <name>trgmsg.obj</name>
      </input_file>
      <input_file id="fl-d5">
         <path>C:\ti\ccsv6\tools\compiler\ti-cgt-arm_15.12.1.LTS\lib\</path>
         <kind>archive</kind>
         <file>rtsv7M4_T_le_v4SPD16_eabi.lib</file>
         <name>u_divt2.obj</name>
      </input_file>
      <input_file id="fl-d6">
         <path>C:\ti\ccsv6\tools\compiler\ti-cgt-arm_15.12.1.LTS\lib\</path>
         <kind>archive</kind>
         <file>rtsv7M4_T_le_v4SPD16_eabi.lib</file>
         <name>_lock.obj</name>
      </input_file>
      <input_file id="fl-d7">
         <path>C:\ti\ccsv6\tools\compiler\ti-cgt-arm_15.12.1.LTS\lib\</path>
         <kind>archive</kind>
         <file>rtsv7M4_T_le_v4SPD16_eabi.lib</file>
         <name>_printfi.obj</name>
      </input_file>
      <input_file id="fl-d8">
         <path>C:\ti\ccsv6\tools\compiler\ti-cgt-arm_15.12.1.LTS\lib\</path>
         <kind>archive</kind>
         <file>rtsv7M4_T_le_v4SPD16_eabi.lib</file>
         <name>args_main.obj</name>
      </input_file>
      <input_file id="fl-d9">
         <path>C:\ti\ccsv6\tools\compiler\ti-cgt-arm_15.12.1.LTS\lib\</path>
         <kind>archive</kind>
         <file>rtsv7M4_T_le_v4SPD16_eabi.lib</file>
         <name>atoi.obj</name>
      </input_file>
      <input_file id="fl-da">
         <path>C:\ti\ccsv6\tools\compiler\ti-cgt-arm_15.12.1.LTS\lib\</path>
         <kind>archive</kind>
         <file>rtsv7M4_T_le_v4SPD16_eabi.lib</file>
         <name>autoinit.obj</name>
      </input_file>
      <input_file id="fl-db">
         <path>C:\ti\ccsv6\tools\compiler\ti-cgt-arm_15.12.1.LTS\lib\</path>
         <kind>archive</kind>
         <file>rtsv7M4_T_le_v4SPD16_eabi.lib</file>
         <name>cpy_tbl.obj</name>
      </input_file>
      <input_file id="fl-dc">
         <path>C:\ti\ccsv6\tools\compiler\ti-cgt-arm_15.12.1.LTS\lib\</path>
         <kind>archive</kind>
         <file>rtsv7M4_T_le_v4SPD16_eabi.lib</file>
         <name>ctype.obj</name>
      </input_file>
      <input_file id="fl-dd">
         <path>C:\ti\ccsv6\tools\compiler\ti-cgt-arm_15.12.1.LTS\lib\</path>
         <kind>archive</kind>
         <file>rtsv7M4_T_le_v4SPD16_eabi.lib</file>
         <name>defs.obj</name>
      </input_file>
      <input_file id="fl-de">
         <path>C:\ti\ccsv6\tools\compiler\ti-cgt-arm_15.12.1.LTS\lib\</path>
         <kind>archive</kind>
         <file>rtsv7M4_T_le_v4SPD16_eabi.lib</file>
         <name>fd_add_t2.obj</name>
      </input_file>
      <input_file id="fl-df">
         <path>C:\ti\ccsv6\tools\compiler\ti-cgt-arm_15.12.1.LTS\lib\</path>
         <kind>archive</kind>
         <file>rtsv7M4_T_le_v4SPD16_eabi.lib</file>
         <name>fd_cmp_t2.obj</name>
      </input_file>
      <input_file id="fl-e0">
         <path>C:\ti\ccsv6\tools\compiler\ti-cgt-arm_15.12.1.LTS\lib\</path>
         <kind>archive</kind>
         <file>rtsv7M4_T_le_v4SPD16_eabi.lib</file>
         <name>fd_div_t2.obj</name>
      </input_file>
      <input_file id="fl-e1">
         <path>C:\ti\ccsv6\tools\compiler\ti-cgt-arm_15.12.1.LTS\lib\</path>
         <kind>archive</kind>
         <file>rtsv7M4_T_le_v4SPD16_eabi.lib</file>
         <name>fd_mul_t2.obj</name>
      </input_file>
      <input_file id="fl-e2">
         <path>C:\ti\ccsv6\tools\compiler\ti-cgt-arm_15.12.1.LTS\lib\</path>
         <kind>archive</kind>
         <file>rtsv7M4_T_le_v4SPD16_eabi.lib</file>
         <name>fd_toi_t2.obj</name>
      </input_file>
      <input_file id="fl-e3">
         <path>C:\ti\ccsv6\tools\compiler\ti-cgt-arm_15.12.1.LTS\lib\</path>
         <kind>archive</kind>
         <file>rtsv7M4_T_le_v4SPD16_eabi.lib</file>
         <name>fputc.obj</name>
      </input_file>
      <input_file id="fl-e4">
         <path>C:\ti\ccsv6\tools\compiler\ti-cgt-arm_15.12.1.LTS\lib\</path>
         <kind>archive</kind>
         <file>rtsv7M4_T_le_v4SPD16_eabi.lib</file>
         <name>fputs.obj</name>
      </input_file>
      <input_file id="fl-e5">
         <path>C:\ti\ccsv6\tools\compiler\ti-cgt-arm_15.12.1.LTS\lib\</path>
         <kind>archive</kind>
         <file>rtsv7M4_T_le_v4SPD16_eabi.lib</file>
         <name>i_div0.obj</name>
      </input_file>
      <input_file id="fl-e6">
         <path>C:\ti\ccsv6\tools\compiler\ti-cgt-arm_15.12.1.LTS\lib\</path>
         <kind>archive</kind>
         <file>rtsv7M4_T_le_v4SPD16_eabi.lib</file>
         <name>i_tofd_t2.obj</name>
      </input_file>
      <input_file id="fl-e7">
         <path>C:\ti\ccsv6\tools\compiler\ti-cgt-arm_15.12.1.LTS\lib\</path>
         <kind>archive</kind>
         <file>rtsv7M4_T_le_v4SPD16_eabi.lib</file>
         <name>lowlev.obj</name>
      </input_file>
      <input_file id="fl-e8">
         <path>C:\ti\ccsv6\tools\compiler\ti-cgt-arm_15.12.1.LTS\lib\</path>
         <kind>archive</kind>
         <file>rtsv7M4_T_le_v4SPD16_eabi.lib</file>
         <name>ltoa.obj</name>
      </input_file>
      <input_file id="fl-e9">
         <path>C:\ti\ccsv6\tools\compiler\ti-cgt-arm_15.12.1.LTS\lib\</path>
         <kind>archive</kind>
         <file>rtsv7M4_T_le_v4SPD16_eabi.lib</file>
         <name>memccpy.obj</name>
      </input_file>
      <input_file id="fl-ea">
         <path>C:\ti\ccsv6\tools\compiler\ti-cgt-arm_15.12.1.LTS\lib\</path>
         <kind>archive</kind>
         <file>rtsv7M4_T_le_v4SPD16_eabi.lib</file>
         <name>memchr.obj</name>
      </input_file>
      <input_file id="fl-eb">
         <path>C:\ti\ccsv6\tools\compiler\ti-cgt-arm_15.12.1.LTS\lib\</path>
         <kind>archive</kind>
         <file>rtsv7M4_T_le_v4SPD16_eabi.lib</file>
         <name>s_frexp.obj</name>
      </input_file>
      <input_file id="fl-ec">
         <path>C:\ti\ccsv6\tools\compiler\ti-cgt-arm_15.12.1.LTS\lib\</path>
         <kind>archive</kind>
         <file>rtsv7M4_T_le_v4SPD16_eabi.lib</file>
         <name>s_scalbn.obj</name>
      </input_file>
      <input_file id="fl-ed">
         <path>C:\ti\ccsv6\tools\compiler\ti-cgt-arm_15.12.1.LTS\lib\</path>
         <kind>archive</kind>
         <file>rtsv7M4_T_le_v4SPD16_eabi.lib</file>
         <name>startup.obj</name>
      </input_file>
      <input_file id="fl-ee">
         <path>C:\ti\ccsv6\tools\compiler\ti-cgt-arm_15.12.1.LTS\lib\</path>
         <kind>archive</kind>
         <file>rtsv7M4_T_le_v4SPD16_eabi.lib</file>
         <name>strchr.obj</name>
      </input_file>
      <input_file id="fl-ef">
         <path>C:\ti\ccsv6\tools\compiler\ti-cgt-arm_15.12.1.LTS\lib\</path>
         <kind>archive</kind>
         <file>rtsv7M4_T_le_v4SPD16_eabi.lib</file>
         <name>strcmp.obj</name>
      </input_file>
      <input_file id="fl-f0">
         <path>C:\ti\ccsv6\tools\compiler\ti-cgt-arm_15.12.1.LTS\lib\</path>
         <kind>archive</kind>
         <file>rtsv7M4_T_le_v4SPD16_eabi.lib</file>
         <name>strcpy.obj</name>
      </input_file>
      <input_file id="fl-f1">
         <path>C:\ti\ccsv6\tools\compiler\ti-cgt-arm_15.12.1.LTS\lib\</path>
         <kind>archive</kind>
         <file>rtsv7M4_T_le_v4SPD16_eabi.lib</file>
         <name>strncpy.obj</name>
      </input_file>
      <input_file id="fl-f2">
         <path>C:\ti\ccsv6\tools\compiler\ti-cgt-arm_15.12.1.LTS\lib\</path>
         <kind>archive</kind>
         <file>rtsv7M4_T_le_v4SPD16_eabi.lib</file>
         <name>ull_div_t2.obj</name>
      </input_file>
      <input_file id="fl-f3">
         <path>C:\ti\ccsv6\tools\compiler\ti-cgt-arm_15.12.1.LTS\lib\</path>
         <kind>archive</kind>
         <file>rtsv7M4_T_le_v4SPD16_eabi.lib</file>
         <name>_io_perm.obj</name>
      </input_file>
      <input_file id="fl-f4">
         <path>C:\ti\ccsv6\tools\compiler\ti-cgt-arm_15.12.1.LTS\lib\</path>
         <kind>archive</kind>
         <file>rtsv7M4_T_le_v4SPD16_eabi.lib</file>
         <name>errno.obj</name>
      </input_file>
      <input_file id="fl-f5">
         <path>C:\ti\ccsv6\tools\compiler\ti-cgt-arm_15.12.1.LTS\lib\</path>
         <kind>archive</kind>
         <file>rtsv7M4_T_le_v4SPD16_eabi.lib</file>
         <name>fflush.obj</name>
      </input_file>
      <input_file id="fl-f6">
         <path>C:\ti\ccsv6\tools\compiler\ti-cgt-arm_15.12.1.LTS\lib\</path>
         <kind>archive</kind>
         <file>rtsv7M4_T_le_v4SPD16_eabi.lib</file>
         <name>fseek.obj</name>
      </input_file>
      <input_file id="fl-f7">
         <path>C:\ti\ccsv6\tools\compiler\ti-cgt-arm_15.12.1.LTS\lib\</path>
         <kind>archive</kind>
         <file>rtsv7M4_T_le_v4SPD16_eabi.lib</file>
         <name>s_copysign.obj</name>
      </input_file>
      <input_file id="fl-f8">
         <path>C:\ti\ccsv6\tools\compiler\ti-cgt-arm_15.12.1.LTS\lib\</path>
         <kind>archive</kind>
         <file>rtsv7M4_T_le_v4SPD16_eabi.lib</file>
         <name>setvbuf.obj</name>
      </input_file>
      <input_file id="fl-f9">
         <path>C:\ti\ccsv6\tools\compiler\ti-cgt-arm_15.12.1.LTS\lib\</path>
         <kind>archive</kind>
         <file>rtsv7M4_T_le_v4SPD16_eabi.lib</file>
         <name>fopen.obj</name>
      </input_file>
      <input_file id="fl-fa">
         <path>C:\ti\ccsv6\tools\compiler\ti-cgt-arm_15.12.1.LTS\lib\</path>
         <kind>archive</kind>
         <file>rtsv7M4_T_le_v4SPD16_eabi.lib</file>
         <name>fclose.obj</name>
      </input_file>
      <input_file id="fl-fb">
         <path>C:\ti\ccsv6\tools\compiler\ti-cgt-arm_15.12.1.LTS\lib\</path>
         <kind>archive</kind>
         <file>rtsv7M4_T_le_v4SPD16_eabi.lib</file>
         <name>remove.obj</name>
      </input_file>
   </input_file_list>
   <object_component_list>
      <object_component id="oc-f">
         <name>.intvecs</name>
         <load_address>0x0</load_address>
         <run_address>0x0</run_address>
         <size>0x26c</size>
         <input_file_ref idref="fl-4"/>
      </object_component>
      <object_component id="oc-e0">
         <name>.text</name>
         <load_address>0x26c</load_address>
         <run_address>0x26c</run_address>
         <size>0x5306</size>
         <input_file_ref idref="fl-2"/>
      </object_component>
      <object_component id="oc-270">
         <name>.text</name>
         <load_address>0x5572</load_address>
         <run_address>0x5572</run_address>
         <size>0x2</size>
         <input_file_ref idref="fl-e5"/>
      </object_component>
      <object_component id="oc-1cf">
         <name>.text</name>
         <load_address>0x5574</load_address>
         <run_address>0x5574</run_address>
         <size>0x1110</size>
         <input_file_ref idref="fl-d7"/>
      </object_component>
      <object_component id="oc-13c">
         <name>.text</name>
         <load_address>0x6684</load_address>
         <run_address>0x6684</run_address>
         <size>0x3dc</size>
         <input_file_ref idref="fl-c8"/>
      </object_component>
      <object_component id="oc-b2">
         <name>.text</name>
         <load_address>0x6a60</load_address>
         <run_address>0x6a60</run_address>
         <size>0x3a8</size>
         <input_file_ref idref="fl-3"/>
      </object_component>
      <object_component id="oc-e6">
         <name>.text</name>
         <load_address>0x6e08</load_address>
         <run_address>0x6e08</run_address>
         <size>0x324</size>
         <input_file_ref idref="fl-d3"/>
      </object_component>
      <object_component id="oc-29a">
         <name>.text</name>
         <load_address>0x712c</load_address>
         <run_address>0x712c</run_address>
         <size>0x30c</size>
         <input_file_ref idref="fl-e7"/>
      </object_component>
      <object_component id="oc-2aa">
         <name>.text</name>
         <load_address>0x7438</load_address>
         <run_address>0x7438</run_address>
         <size>0x1f4</size>
         <input_file_ref idref="fl-f2"/>
      </object_component>
      <object_component id="oc-3a7">
         <name>.text</name>
         <load_address>0x762c</load_address>
         <run_address>0x762c</run_address>
         <size>0x1c4</size>
         <input_file_ref idref="fl-f9"/>
      </object_component>
      <object_component id="oc-2d3">
         <name>.text</name>
         <load_address>0x77f0</load_address>
         <run_address>0x77f0</run_address>
         <size>0x1b6</size>
         <input_file_ref idref="fl-de"/>
      </object_component>
      <object_component id="oc-2b9">
         <name>.text</name>
         <load_address>0x79a6</load_address>
         <run_address>0x79a6</run_address>
         <size>0x136</size>
         <input_file_ref idref="fl-e0"/>
      </object_component>
      <object_component id="oc-1c9">
         <name>.text</name>
         <load_address>0x7adc</load_address>
         <run_address>0x7adc</run_address>
         <size>0x134</size>
         <input_file_ref idref="fl-e4"/>
      </object_component>
      <object_component id="oc-2b4">
         <name>.text</name>
         <load_address>0x7c10</load_address>
         <run_address>0x7c10</run_address>
         <size>0xfc</size>
         <input_file_ref idref="fl-e1"/>
      </object_component>
      <object_component id="oc-2de">
         <name>.text</name>
         <load_address>0x7d0c</load_address>
         <run_address>0x7d0c</run_address>
         <size>0xfc</size>
         <input_file_ref idref="fl-ec"/>
      </object_component>
      <object_component id="oc-353">
         <name>.text</name>
         <load_address>0x7e08</load_address>
         <run_address>0x7e08</run_address>
         <size>0xdc</size>
         <input_file_ref idref="fl-f8"/>
      </object_component>
      <object_component id="oc-294">
         <name>.text</name>
         <load_address>0x7ee4</load_address>
         <run_address>0x7ee4</run_address>
         <size>0xc8</size>
         <input_file_ref idref="fl-f5"/>
      </object_component>
      <object_component id="oc-28e">
         <name>.text</name>
         <load_address>0x7fac</load_address>
         <run_address>0x7fac</run_address>
         <size>0xac</size>
         <input_file_ref idref="fl-f3"/>
      </object_component>
      <object_component id="oc-37">
         <name>.text</name>
         <load_address>0x8058</load_address>
         <run_address>0x8058</run_address>
         <size>0x9c</size>
         <input_file_ref idref="fl-c7"/>
      </object_component>
      <object_component id="oc-3da">
         <name>.text</name>
         <load_address>0x80f4</load_address>
         <run_address>0x80f4</run_address>
         <size>0x98</size>
         <input_file_ref idref="fl-fa"/>
      </object_component>
      <object_component id="oc-1c3">
         <name>.text</name>
         <load_address>0x818c</load_address>
         <run_address>0x818c</run_address>
         <size>0x98</size>
         <input_file_ref idref="fl-e3"/>
      </object_component>
      <object_component id="oc-2af">
         <name>.text:__aeabi_cdcmple</name>
         <load_address>0x8224</load_address>
         <run_address>0x8224</run_address>
         <size>0x86</size>
         <input_file_ref idref="fl-df"/>
      </object_component>
      <object_component id="oc-2be">
         <name>.text:__aeabi_cdrcmple</name>
         <load_address>0x82aa</load_address>
         <run_address>0x82aa</run_address>
         <size>0x86</size>
         <input_file_ref idref="fl-df"/>
      </object_component>
      <object_component id="oc-50">
         <name>.text</name>
         <load_address>0x8330</load_address>
         <run_address>0x8330</run_address>
         <size>0x7a</size>
         <input_file_ref idref="fl-c9"/>
      </object_component>
      <object_component id="oc-5c">
         <name>.text</name>
         <load_address>0x83aa</load_address>
         <run_address>0x83aa</run_address>
         <size>0x2</size>
         <input_file_ref idref="fl-ca"/>
      </object_component>
      <object_component id="oc-68">
         <name>.text</name>
         <load_address>0x83ac</load_address>
         <run_address>0x83ac</run_address>
         <size>0x70</size>
         <input_file_ref idref="fl-da"/>
      </object_component>
      <object_component id="oc-ec">
         <name>.text</name>
         <load_address>0x841c</load_address>
         <run_address>0x841c</run_address>
         <size>0x70</size>
         <input_file_ref idref="fl-cc"/>
      </object_component>
      <object_component id="oc-43">
         <name>.text</name>
         <load_address>0x848c</load_address>
         <run_address>0x848c</run_address>
         <size>0x6a</size>
         <input_file_ref idref="fl-c1"/>
      </object_component>
      <object_component id="oc-aa">
         <name>.text</name>
         <load_address>0x84f6</load_address>
         <run_address>0x84f6</run_address>
         <size>0x2</size>
         <input_file_ref idref="fl-ed"/>
      </object_component>
      <object_component id="oc-1a8">
         <name>.text</name>
         <load_address>0x84f8</load_address>
         <run_address>0x84f8</run_address>
         <size>0x68</size>
         <input_file_ref idref="fl-d4"/>
      </object_component>
      <object_component id="oc-34d">
         <name>.text</name>
         <load_address>0x8560</load_address>
         <run_address>0x8560</run_address>
         <size>0x64</size>
         <input_file_ref idref="fl-f6"/>
      </object_component>
      <object_component id="oc-2d8">
         <name>.text</name>
         <load_address>0x85c4</load_address>
         <run_address>0x85c4</run_address>
         <size>0x64</size>
         <input_file_ref idref="fl-eb"/>
      </object_component>
      <object_component id="oc-161">
         <name>.text</name>
         <load_address>0x8628</load_address>
         <run_address>0x8628</run_address>
         <size>0x60</size>
         <input_file_ref idref="fl-cd"/>
      </object_component>
      <object_component id="oc-2c8">
         <name>.text</name>
         <load_address>0x8688</load_address>
         <run_address>0x8688</run_address>
         <size>0x56</size>
         <input_file_ref idref="fl-e8"/>
      </object_component>
      <object_component id="oc-24">
         <name>.text</name>
         <load_address>0x86e0</load_address>
         <run_address>0x86e0</run_address>
         <size>0x54</size>
         <input_file_ref idref="fl-be"/>
      </object_component>
      <object_component id="oc-74">
         <name>.text</name>
         <load_address>0x8734</load_address>
         <run_address>0x8734</run_address>
         <size>0x54</size>
         <input_file_ref idref="fl-c3"/>
      </object_component>
      <object_component id="oc-2f0">
         <name>.text</name>
         <load_address>0x8788</load_address>
         <run_address>0x8788</run_address>
         <size>0x4c</size>
         <input_file_ref idref="fl-d9"/>
      </object_component>
      <object_component id="oc-a4">
         <name>.text</name>
         <load_address>0x87d4</load_address>
         <run_address>0x87d4</run_address>
         <size>0x4c</size>
         <input_file_ref idref="fl-db"/>
      </object_component>
      <object_component id="oc-2c3">
         <name>.text</name>
         <load_address>0x8820</load_address>
         <run_address>0x8820</run_address>
         <size>0x48</size>
         <input_file_ref idref="fl-e2"/>
      </object_component>
      <object_component id="oc-19c">
         <name>.text</name>
         <load_address>0x8868</load_address>
         <run_address>0x8868</run_address>
         <size>0x40</size>
         <input_file_ref idref="fl-d5"/>
      </object_component>
      <object_component id="oc-366">
         <name>.text</name>
         <load_address>0x88a8</load_address>
         <run_address>0x88a8</run_address>
         <size>0x30</size>
         <input_file_ref idref="fl-f1"/>
      </object_component>
      <object_component id="oc-2ce">
         <name>.text</name>
         <load_address>0x88d8</load_address>
         <run_address>0x88d8</run_address>
         <size>0x2e</size>
         <input_file_ref idref="fl-e6"/>
      </object_component>
      <object_component id="oc-2a2">
         <name>.text</name>
         <load_address>0x8906</load_address>
         <run_address>0x8906</run_address>
         <size>0x20</size>
         <input_file_ref idref="fl-ea"/>
      </object_component>
      <object_component id="oc-2ea">
         <name>.text</name>
         <load_address>0x8926</load_address>
         <run_address>0x8926</run_address>
         <size>0x1c</size>
         <input_file_ref idref="fl-e9"/>
      </object_component>
      <object_component id="oc-6e">
         <name>.text</name>
         <load_address>0x8944</load_address>
         <run_address>0x8944</run_address>
         <size>0x18</size>
         <input_file_ref idref="fl-d8"/>
      </object_component>
      <object_component id="oc-360">
         <name>.text</name>
         <load_address>0x895c</load_address>
         <run_address>0x895c</run_address>
         <size>0x18</size>
         <input_file_ref idref="fl-ef"/>
      </object_component>
      <object_component id="oc-2e4">
         <name>.text</name>
         <load_address>0x8974</load_address>
         <run_address>0x8974</run_address>
         <size>0x16</size>
         <input_file_ref idref="fl-ee"/>
      </object_component>
      <object_component id="oc-11a">
         <name>.text</name>
         <load_address>0x898c</load_address>
         <run_address>0x898c</run_address>
         <size>0x14</size>
         <input_file_ref idref="fl-d6"/>
      </object_component>
      <object_component id="oc-389">
         <name>.text</name>
         <load_address>0x89a0</load_address>
         <run_address>0x89a0</run_address>
         <size>0x14</size>
         <input_file_ref idref="fl-f7"/>
      </object_component>
      <object_component id="oc-1ae">
         <name>.text</name>
         <load_address>0x89b4</load_address>
         <run_address>0x89b4</run_address>
         <size>0x14</size>
         <input_file_ref idref="fl-f0"/>
      </object_component>
      <object_component id="oc-17e">
         <name>.text</name>
         <load_address>0x89c8</load_address>
         <run_address>0x89c8</run_address>
         <size>0x14</size>
         <input_file_ref idref="fl-cf"/>
      </object_component>
      <object_component id="oc-190">
         <name>.text</name>
         <load_address>0x89dc</load_address>
         <run_address>0x89dc</run_address>
         <size>0x10</size>
         <input_file_ref idref="fl-c4"/>
      </object_component>
      <object_component id="oc-157">
         <name>.text</name>
         <load_address>0x89ec</load_address>
         <run_address>0x89ec</run_address>
         <size>0x10</size>
         <input_file_ref idref="fl-c5"/>
      </object_component>
      <object_component id="oc-184">
         <name>.text</name>
         <load_address>0x89fc</load_address>
         <run_address>0x89fc</run_address>
         <size>0x10</size>
         <input_file_ref idref="fl-c6"/>
      </object_component>
      <object_component id="oc-18a">
         <name>.text</name>
         <load_address>0x8a0c</load_address>
         <run_address>0x8a0c</run_address>
         <size>0x10</size>
         <input_file_ref idref="fl-d1"/>
      </object_component>
      <object_component id="oc-196">
         <name>.text</name>
         <load_address>0x8a1c</load_address>
         <run_address>0x8a1c</run_address>
         <size>0x10</size>
         <input_file_ref idref="fl-d2"/>
      </object_component>
      <object_component id="oc-12">
         <name>.text:decompress:none</name>
         <load_address>0x8a2c</load_address>
         <run_address>0x8a2c</run_address>
         <size>0xe</size>
         <input_file_ref idref="fl-c0"/>
      </object_component>
      <object_component id="oc-12d">
         <name>.text</name>
         <load_address>0x8a3a</load_address>
         <run_address>0x8a3a</run_address>
         <size>0xe</size>
         <input_file_ref idref="fl-d0"/>
      </object_component>
      <object_component id="oc-2e">
         <name>.text</name>
         <load_address>0x8a48</load_address>
         <run_address>0x8a48</run_address>
         <size>0xc</size>
         <input_file_ref idref="fl-4"/>
      </object_component>
      <object_component id="oc-18">
         <name>.text:decompress:rle24</name>
         <load_address>0x8a54</load_address>
         <run_address>0x8a54</run_address>
         <size>0x6</size>
         <input_file_ref idref="fl-c1"/>
      </object_component>
      <object_component id="oc-62">
         <name>.text</name>
         <load_address>0x8a5a</load_address>
         <run_address>0x8a5a</run_address>
         <size>0x4</size>
         <input_file_ref idref="fl-cb"/>
      </object_component>
      <object_component id="oc-252">
         <name>.const:.string</name>
         <load_address>0x8a60</load_address>
         <run_address>0x8a60</run_address>
         <size>0x102</size>
         <input_file_ref idref="fl-2"/>
      </object_component>
      <object_component id="oc-249">
         <name>.const:.string:_ctypes_</name>
         <load_address>0x8b62</load_address>
         <run_address>0x8b62</run_address>
         <size>0x101</size>
         <input_file_ref idref="fl-dc"/>
      </object_component>
      <object_component id="oc-148">
         <name>.const:.string:q65</name>
         <load_address>0x8c63</load_address>
         <run_address>0x8c63</run_address>
         <size>0x41</size>
         <input_file_ref idref="fl-2"/>
      </object_component>
      <object_component id="oc-142">
         <name>.const:.string:q64</name>
         <load_address>0x8ca4</load_address>
         <run_address>0x8ca4</run_address>
         <size>0x40</size>
         <input_file_ref idref="fl-2"/>
      </object_component>
      <object_component id="oc-145">
         <name>.const:.string:q63</name>
         <load_address>0x8ce4</load_address>
         <run_address>0x8ce4</run_address>
         <size>0x3f</size>
         <input_file_ref idref="fl-2"/>
      </object_component>
      <object_component id="oc-14b">
         <name>.const:.string:q11</name>
         <load_address>0x8d23</load_address>
         <run_address>0x8d23</run_address>
         <size>0xb</size>
         <input_file_ref idref="fl-2"/>
      </object_component>
      <object_component id="oc-411">
         <name>.cinit..data.load</name>
         <load_address>0x8d30</load_address>
         <run_address>0x8d30</run_address>
         <size>0x3f23</size>
      </object_component>
      <object_component id="oc-412">
         <name>.cinit..bss.load</name>
         <load_address>0xcc58</load_address>
         <run_address>0xcc58</run_address>
         <size>0xb</size>
      </object_component>
      <object_component id="oc-40f">
         <name>__TI_handler_table</name>
         <load_address>0xcc64</load_address>
         <run_address>0xcc64</run_address>
         <size>0x8</size>
      </object_component>
      <object_component id="oc-410">
         <name>__TI_cinit_table</name>
         <load_address>0xcc6c</load_address>
         <run_address>0xcc6c</run_address>
         <size>0x10</size>
      </object_component>
      <object_component id="oc-133">
         <name>.data:nul_l</name>
         <load_address>0x2000427a</load_address>
         <run_address>0x2000427a</run_address>
         <size>0xa</size>
         <input_file_ref idref="fl-2"/>
      </object_component>
      <object_component id="oc-107">
         <name>.data:one_l</name>
         <load_address>0x20004284</load_address>
         <run_address>0x20004284</run_address>
         <size>0xa</size>
         <input_file_ref idref="fl-2"/>
      </object_component>
      <object_component id="oc-14e">
         <name>.data:two_l</name>
         <load_address>0x2000428e</load_address>
         <run_address>0x2000428e</run_address>
         <size>0xa</size>
         <input_file_ref idref="fl-2"/>
      </object_component>
      <object_component id="oc-139">
         <name>.data:twotab</name>
         <load_address>0x2000331c</load_address>
         <run_address>0x2000331c</run_address>
         <size>0x400</size>
         <input_file_ref idref="fl-2"/>
      </object_component>
      <object_component id="oc-136">
         <name>.data:oddtab</name>
         <load_address>0x2000371c</load_address>
         <run_address>0x2000371c</run_address>
         <size>0x200</size>
         <input_file_ref idref="fl-2"/>
      </object_component>
      <object_component id="oc-151">
         <name>.data:tab2</name>
         <load_address>0x200041c4</load_address>
         <run_address>0x200041c4</run_address>
         <size>0x20</size>
         <input_file_ref idref="fl-2"/>
      </object_component>
      <object_component id="oc-15e">
         <name>.data:ntable</name>
         <load_address>0x200041e4</load_address>
         <run_address>0x200041e4</run_address>
         <size>0x10</size>
         <input_file_ref idref="fl-2"/>
      </object_component>
      <object_component id="oc-16c">
         <name>.data:registers</name>
         <load_address>0x20004264</load_address>
         <run_address>0x20004264</run_address>
         <size>0xc</size>
         <input_file_ref idref="fl-2"/>
      </object_component>
      <object_component id="oc-169">
         <name>.data</name>
         <load_address>0x200042a0</load_address>
         <run_address>0x200042a0</run_address>
         <size>0x8</size>
         <input_file_ref idref="fl-2"/>
      </object_component>
      <object_component id="oc-172">
         <name>.data:A64</name>
         <load_address>0x20004270</load_address>
         <run_address>0x20004270</run_address>
         <size>0xa</size>
         <input_file_ref idref="fl-2"/>
      </object_component>
      <object_component id="oc-154">
         <name>.data:smallprimes</name>
         <load_address>0x20000000</load_address>
         <run_address>0x20000000</run_address>
         <size>0x331c</size>
         <input_file_ref idref="fl-2"/>
      </object_component>
      <object_component id="oc-f5">
         <name>.data</name>
         <load_address>0x200042ba</load_address>
         <run_address>0x200042ba</run_address>
         <size>0x6</size>
         <input_file_ref idref="fl-3"/>
      </object_component>
      <object_component id="oc-1e5">
         <name>.data:ps_L</name>
         <load_address>0x20003d48</load_address>
         <run_address>0x20003d48</run_address>
         <size>0x9c</size>
         <input_file_ref idref="fl-3"/>
      </object_component>
      <object_component id="oc-1f2">
         <name>.data:qs_L</name>
         <load_address>0x20003f1a</load_address>
         <run_address>0x20003f1a</run_address>
         <size>0x9b</size>
         <input_file_ref idref="fl-3"/>
      </object_component>
      <object_component id="oc-1fd">
         <name>.data:ds_L</name>
         <load_address>0x20003a51</load_address>
         <run_address>0x20003a51</run_address>
         <size>0x135</size>
         <input_file_ref idref="fl-3"/>
      </object_component>
      <object_component id="oc-208">
         <name>.data:es_L</name>
         <load_address>0x200042a8</load_address>
         <run_address>0x200042a8</run_address>
         <size>0x6</size>
         <input_file_ref idref="fl-3"/>
      </object_component>
      <object_component id="oc-213">
         <name>.data:ms_L</name>
         <load_address>0x200040ee</load_address>
         <run_address>0x200040ee</run_address>
         <size>0x2c</size>
         <input_file_ref idref="fl-3"/>
      </object_component>
      <object_component id="oc-21e">
         <name>.data:cs_ext_L</name>
         <load_address>0x2000391c</load_address>
         <run_address>0x2000391c</run_address>
         <size>0x135</size>
         <input_file_ref idref="fl-3"/>
      </object_component>
      <object_component id="oc-1e2">
         <name>.data:ps_M</name>
         <load_address>0x20003fb5</load_address>
         <run_address>0x20003fb5</run_address>
         <size>0x4f</size>
         <input_file_ref idref="fl-3"/>
      </object_component>
      <object_component id="oc-1ef">
         <name>.data:qs_M</name>
         <load_address>0x200040a0</load_address>
         <run_address>0x200040a0</run_address>
         <size>0x4e</size>
         <input_file_ref idref="fl-3"/>
      </object_component>
      <object_component id="oc-1fa">
         <name>.data:ds_M</name>
         <load_address>0x20003e7f</load_address>
         <run_address>0x20003e7f</run_address>
         <size>0x9b</size>
         <input_file_ref idref="fl-3"/>
      </object_component>
      <object_component id="oc-205">
         <name>.data:es_M</name>
         <load_address>0x200042ae</load_address>
         <run_address>0x200042ae</run_address>
         <size>0x6</size>
         <input_file_ref idref="fl-3"/>
      </object_component>
      <object_component id="oc-210">
         <name>.data:ms_M</name>
         <load_address>0x2000411a</load_address>
         <run_address>0x2000411a</run_address>
         <size>0x2c</size>
         <input_file_ref idref="fl-3"/>
      </object_component>
      <object_component id="oc-21b">
         <name>.data:cs_ext_M</name>
         <load_address>0x20003de4</load_address>
         <run_address>0x20003de4</run_address>
         <size>0x9b</size>
         <input_file_ref idref="fl-3"/>
      </object_component>
      <object_component id="oc-1df">
         <name>.data:ps_S</name>
         <load_address>0x20004172</load_address>
         <run_address>0x20004172</run_address>
         <size>0x28</size>
         <input_file_ref idref="fl-3"/>
      </object_component>
      <object_component id="oc-1ec">
         <name>.data:qs_S</name>
         <load_address>0x2000419a</load_address>
         <run_address>0x2000419a</run_address>
         <size>0x28</size>
         <input_file_ref idref="fl-3"/>
      </object_component>
      <object_component id="oc-1f7">
         <name>.data:ds_S</name>
         <load_address>0x20004052</load_address>
         <run_address>0x20004052</run_address>
         <size>0x4e</size>
         <input_file_ref idref="fl-3"/>
      </object_component>
      <object_component id="oc-202">
         <name>.data:es_S</name>
         <load_address>0x200042b4</load_address>
         <run_address>0x200042b4</run_address>
         <size>0x6</size>
         <input_file_ref idref="fl-3"/>
      </object_component>
      <object_component id="oc-20d">
         <name>.data:ms_S</name>
         <load_address>0x20004146</load_address>
         <run_address>0x20004146</run_address>
         <size>0x2c</size>
         <input_file_ref idref="fl-3"/>
      </object_component>
      <object_component id="oc-218">
         <name>.data:cs_ext_S</name>
         <load_address>0x20004004</load_address>
         <run_address>0x20004004</run_address>
         <size>0x4e</size>
         <input_file_ref idref="fl-3"/>
      </object_component>
      <object_component id="oc-f2">
         <name>.data:ps</name>
         <load_address>0x2000424c</load_address>
         <run_address>0x2000424c</run_address>
         <size>0xc</size>
         <input_file_ref idref="fl-3"/>
      </object_component>
      <object_component id="oc-f8">
         <name>.data:qs</name>
         <load_address>0x20004258</load_address>
         <run_address>0x20004258</run_address>
         <size>0xc</size>
         <input_file_ref idref="fl-3"/>
      </object_component>
      <object_component id="oc-fb">
         <name>.data:ds</name>
         <load_address>0x20004228</load_address>
         <run_address>0x20004228</run_address>
         <size>0xc</size>
         <input_file_ref idref="fl-3"/>
      </object_component>
      <object_component id="oc-fe">
         <name>.data:es</name>
         <load_address>0x20004234</load_address>
         <run_address>0x20004234</run_address>
         <size>0xc</size>
         <input_file_ref idref="fl-3"/>
      </object_component>
      <object_component id="oc-101">
         <name>.data:ms</name>
         <load_address>0x20004240</load_address>
         <run_address>0x20004240</run_address>
         <size>0xc</size>
         <input_file_ref idref="fl-3"/>
      </object_component>
      <object_component id="oc-104">
         <name>.data:cs_ext</name>
         <load_address>0x2000421c</load_address>
         <run_address>0x2000421c</run_address>
         <size>0xc</size>
         <input_file_ref idref="fl-3"/>
      </object_component>
      <object_component id="oc-ba">
         <name>.data:$O1$$</name>
         <load_address>0x20004204</load_address>
         <run_address>0x20004204</run_address>
         <size>0xc</size>
         <input_file_ref idref="fl-c3"/>
      </object_component>
      <object_component id="oc-237">
         <name>.data:$O1$$</name>
         <load_address>0x20004210</load_address>
         <run_address>0x20004210</run_address>
         <size>0xc</size>
         <input_file_ref idref="fl-c8"/>
      </object_component>
      <object_component id="oc-7a">
         <name>.data</name>
         <load_address>0x200042c8</load_address>
         <run_address>0x200042c8</run_address>
         <size>0x4</size>
         <input_file_ref idref="fl-ce"/>
      </object_component>
      <object_component id="oc-bd">
         <name>.data:$O1$$</name>
         <load_address>0x20004298</load_address>
         <run_address>0x20004298</run_address>
         <size>0x8</size>
         <input_file_ref idref="fl-d6"/>
      </object_component>
      <object_component id="oc-1d5">
         <name>.data:_ftable</name>
         <load_address>0x20003b88</load_address>
         <run_address>0x20003b88</run_address>
         <size>0xf0</size>
         <input_file_ref idref="fl-dd"/>
      </object_component>
      <object_component id="oc-35b">
         <name>.data</name>
         <load_address>0x200041f4</load_address>
         <run_address>0x200041f4</run_address>
         <size>0x10</size>
         <input_file_ref idref="fl-dd"/>
      </object_component>
      <object_component id="oc-36c">
         <name>.data:$O1$$</name>
         <load_address>0x20003c78</load_address>
         <run_address>0x20003c78</run_address>
         <size>0xd0</size>
         <input_file_ref idref="fl-e7"/>
      </object_component>
      <object_component id="oc-38f">
         <name>.data</name>
         <load_address>0x200042c0</load_address>
         <run_address>0x200042c0</run_address>
         <size>0x4</size>
         <input_file_ref idref="fl-f4"/>
      </object_component>
      <object_component id="oc-3e0">
         <name>.data</name>
         <load_address>0x200042c4</load_address>
         <run_address>0x200042c4</run_address>
         <size>0x4</size>
         <input_file_ref idref="fl-f9"/>
      </object_component>
      <object_component id="oc-16f">
         <name>.bss:SEED64</name>
         <uninitialized>true</uninitialized>
         <run_address>0x20004ae4</run_address>
         <size>0x14</size>
         <input_file_ref idref="fl-2"/>
      </object_component>
      <object_component id="oc-175">
         <name>.bss:BUFF64</name>
         <uninitialized>true</uninitialized>
         <run_address>0x200047f0</run_address>
         <size>0xc8</size>
         <input_file_ref idref="fl-2"/>
      </object_component>
      <object_component id="oc-178">
         <name>.bss:XBBS</name>
         <uninitialized>true</uninitialized>
         <run_address>0x200049dc</run_address>
         <size>0x84</size>
         <input_file_ref idref="fl-2"/>
      </object_component>
      <object_component id="oc-17b">
         <name>.bss:MODBBS</name>
         <uninitialized>true</uninitialized>
         <run_address>0x20004958</run_address>
         <size>0x84</size>
         <input_file_ref idref="fl-2"/>
      </object_component>
      <object_component id="oc-15d">
         <name>.bss:N$1</name>
         <uninitialized>true</uninitialized>
         <run_address>0x200042cc</run_address>
         <size>0x404</size>
         <input_file_ref idref="fl-2"/>
      </object_component>
      <object_component id="oc-167">
         <name>.bss:bytes$2</name>
         <uninitialized>true</uninitialized>
         <run_address>0x20004a60</run_address>
         <size>0x84</size>
         <input_file_ref idref="fl-2"/>
      </object_component>
      <object_component id="oc-168">
         <name>.bss:s$3</name>
         <uninitialized>true</uninitialized>
         <run_address>0x20004af8</run_address>
         <size>0xc</size>
         <input_file_ref idref="fl-2"/>
      </object_component>
      <object_component id="oc-1b4">
         <name>.bss:parmbuf</name>
         <uninitialized>true</uninitialized>
         <run_address>0x20004b04</run_address>
         <size>0x8</size>
         <input_file_ref idref="fl-d3"/>
      </object_component>
      <object_component id="oc-27e">
         <name>.bss:_CIOBUF_</name>
         <uninitialized>true</uninitialized>
         <run_address>0x200046d0</run_address>
         <size>0x120</size>
         <input_file_ref idref="fl-d4"/>
      </object_component>
      <object_component id="oc-3e9">
         <name>.common:__TI_tmpnams</name>
         <uninitialized>true</uninitialized>
         <run_address>0x200048b8</run_address>
         <size>0xa0</size>
      </object_component>
      <object_component id="oc-2b">
         <name>.sysmem</name>
         <uninitialized>true</uninitialized>
         <run_address>0x20004d10</run_address>
         <size>0x8</size>
         <input_file_ref idref="fl-c8"/>
      </object_component>
      <object_component id="oc-414">
         <name>.sysmem</name>
         <uninitialized>true</uninitialized>
         <run_address>0x20004d10</run_address>
         <size>0x0</size>
      </object_component>
      <object_component id="oc-2a">
         <name>.stack</name>
         <uninitialized>true</uninitialized>
         <run_address>0x20004b0c</run_address>
         <size>0x0</size>
         <input_file_ref idref="fl-be"/>
      </object_component>
      <object_component id="oc-413">
         <name>.stack</name>
         <uninitialized>true</uninitialized>
         <run_address>0x20004b0c</run_address>
         <size>0x0</size>
      </object_component>
      <object_component id="oc-1a2">
         <name>.debug_info</name>
         <load_address>0x0</load_address>
         <run_address>0x0</run_address>
         <size>0x407</size>
         <input_file_ref idref="fl-2"/>
      </object_component>
      <object_component id="oc-134">
         <name>.debug_info</name>
         <load_address>0x407</load_address>
         <run_address>0x407</run_address>
         <size>0xb7</size>
         <input_file_ref idref="fl-2"/>
      </object_component>
      <object_component id="oc-108">
         <name>.debug_info</name>
         <load_address>0x4be</load_address>
         <run_address>0x4be</run_address>
         <size>0xb7</size>
         <input_file_ref idref="fl-2"/>
      </object_component>
      <object_component id="oc-14f">
         <name>.debug_info</name>
         <load_address>0x575</load_address>
         <run_address>0x575</run_address>
         <size>0xb7</size>
         <input_file_ref idref="fl-2"/>
      </object_component>
      <object_component id="oc-13a">
         <name>.debug_info</name>
         <load_address>0x62c</load_address>
         <run_address>0x62c</run_address>
         <size>0xb9</size>
         <input_file_ref idref="fl-2"/>
      </object_component>
      <object_component id="oc-137">
         <name>.debug_info</name>
         <load_address>0x6e5</load_address>
         <run_address>0x6e5</run_address>
         <size>0xb9</size>
         <input_file_ref idref="fl-2"/>
      </object_component>
      <object_component id="oc-14c">
         <name>.debug_info</name>
         <load_address>0x79e</load_address>
         <run_address>0x79e</run_address>
         <size>0xb3</size>
         <input_file_ref idref="fl-2"/>
      </object_component>
      <object_component id="oc-146">
         <name>.debug_info</name>
         <load_address>0x851</load_address>
         <run_address>0x851</run_address>
         <size>0xb3</size>
         <input_file_ref idref="fl-2"/>
      </object_component>
      <object_component id="oc-143">
         <name>.debug_info</name>
         <load_address>0x904</load_address>
         <run_address>0x904</run_address>
         <size>0xb3</size>
         <input_file_ref idref="fl-2"/>
      </object_component>
      <object_component id="oc-149">
         <name>.debug_info</name>
         <load_address>0x9b7</load_address>
         <run_address>0x9b7</run_address>
         <size>0xb3</size>
         <input_file_ref idref="fl-2"/>
      </object_component>
      <object_component id="oc-152">
         <name>.debug_info</name>
         <load_address>0xa6a</load_address>
         <run_address>0xa6a</run_address>
         <size>0xb5</size>
         <input_file_ref idref="fl-2"/>
      </object_component>
      <object_component id="oc-15f">
         <name>.debug_info</name>
         <load_address>0xb1f</load_address>
         <run_address>0xb1f</run_address>
         <size>0xb9</size>
         <input_file_ref idref="fl-2"/>
      </object_component>
      <object_component id="oc-16d">
         <name>.debug_info</name>
         <load_address>0xbd8</load_address>
         <run_address>0xbd8</run_address>
         <size>0xbf</size>
         <input_file_ref idref="fl-2"/>
      </object_component>
      <object_component id="oc-16a">
         <name>.debug_info</name>
         <load_address>0xc97</load_address>
         <run_address>0xc97</run_address>
         <size>0xe0</size>
         <input_file_ref idref="fl-2"/>
      </object_component>
      <object_component id="oc-170">
         <name>.debug_info</name>
         <load_address>0xd77</load_address>
         <run_address>0xd77</run_address>
         <size>0xb9</size>
         <input_file_ref idref="fl-2"/>
      </object_component>
      <object_component id="oc-173">
         <name>.debug_info</name>
         <load_address>0xe30</load_address>
         <run_address>0xe30</run_address>
         <size>0xb3</size>
         <input_file_ref idref="fl-2"/>
      </object_component>
      <object_component id="oc-176">
         <name>.debug_info</name>
         <load_address>0xee3</load_address>
         <run_address>0xee3</run_address>
         <size>0xb9</size>
         <input_file_ref idref="fl-2"/>
      </object_component>
      <object_component id="oc-179">
         <name>.debug_info</name>
         <load_address>0xf9c</load_address>
         <run_address>0xf9c</run_address>
         <size>0xb5</size>
         <input_file_ref idref="fl-2"/>
      </object_component>
      <object_component id="oc-17c">
         <name>.debug_info</name>
         <load_address>0x1051</load_address>
         <run_address>0x1051</run_address>
         <size>0xb9</size>
         <input_file_ref idref="fl-2"/>
      </object_component>
      <object_component id="oc-155">
         <name>.debug_info</name>
         <load_address>0x110a</load_address>
         <run_address>0x110a</run_address>
         <size>0xc4</size>
         <input_file_ref idref="fl-2"/>
      </object_component>
      <object_component id="oc-e1">
         <name>.debug_info</name>
         <load_address>0x11ce</load_address>
         <run_address>0x11ce</run_address>
         <size>0x8320</size>
         <input_file_ref idref="fl-2"/>
      </object_component>
      <object_component id="oc-279">
         <name>.debug_info</name>
         <load_address>0x94ee</load_address>
         <run_address>0x94ee</run_address>
         <size>0xc8</size>
         <input_file_ref idref="fl-2"/>
      </object_component>
      <object_component id="oc-10b">
         <name>.debug_info</name>
         <load_address>0x95b6</load_address>
         <run_address>0x95b6</run_address>
         <size>0x17c</size>
         <input_file_ref idref="fl-2"/>
      </object_component>
      <object_component id="oc-92">
         <name>.debug_info</name>
         <load_address>0x9732</load_address>
         <run_address>0x9732</run_address>
         <size>0x84</size>
         <input_file_ref idref="fl-2"/>
      </object_component>
      <object_component id="oc-1a3">
         <name>.debug_info</name>
         <load_address>0x97b6</load_address>
         <run_address>0x97b6</run_address>
         <size>0x9d</size>
         <input_file_ref idref="fl-2"/>
      </object_component>
      <object_component id="oc-1da">
         <name>.debug_info</name>
         <load_address>0x9853</load_address>
         <run_address>0x9853</run_address>
         <size>0x4e</size>
         <input_file_ref idref="fl-2"/>
      </object_component>
      <object_component id="oc-257">
         <name>.debug_info</name>
         <load_address>0x98a1</load_address>
         <run_address>0x98a1</run_address>
         <size>0x6d</size>
         <input_file_ref idref="fl-2"/>
      </object_component>
      <object_component id="oc-110">
         <name>.debug_info</name>
         <load_address>0x990e</load_address>
         <run_address>0x990e</run_address>
         <size>0x407</size>
         <input_file_ref idref="fl-3"/>
      </object_component>
      <object_component id="oc-f6">
         <name>.debug_info</name>
         <load_address>0x9d15</load_address>
         <run_address>0x9d15</run_address>
         <size>0xda</size>
         <input_file_ref idref="fl-3"/>
      </object_component>
      <object_component id="oc-1e6">
         <name>.debug_info</name>
         <load_address>0x9def</load_address>
         <run_address>0x9def</run_address>
         <size>0xb4</size>
         <input_file_ref idref="fl-3"/>
      </object_component>
      <object_component id="oc-1f3">
         <name>.debug_info</name>
         <load_address>0x9ea3</load_address>
         <run_address>0x9ea3</run_address>
         <size>0xb4</size>
         <input_file_ref idref="fl-3"/>
      </object_component>
      <object_component id="oc-1fe">
         <name>.debug_info</name>
         <load_address>0x9f57</load_address>
         <run_address>0x9f57</run_address>
         <size>0xb4</size>
         <input_file_ref idref="fl-3"/>
      </object_component>
      <object_component id="oc-209">
         <name>.debug_info</name>
         <load_address>0xa00b</load_address>
         <run_address>0xa00b</run_address>
         <size>0xb4</size>
         <input_file_ref idref="fl-3"/>
      </object_component>
      <object_component id="oc-214">
         <name>.debug_info</name>
         <load_address>0xa0bf</load_address>
         <run_address>0xa0bf</run_address>
         <size>0xb4</size>
         <input_file_ref idref="fl-3"/>
      </object_component>
      <object_component id="oc-21f">
         <name>.debug_info</name>
         <load_address>0xa173</load_address>
         <run_address>0xa173</run_address>
         <size>0xbc</size>
         <input_file_ref idref="fl-3"/>
      </object_component>
      <object_component id="oc-1e3">
         <name>.debug_info</name>
         <load_address>0xa22f</load_address>
         <run_address>0xa22f</run_address>
         <size>0xb4</size>
         <input_file_ref idref="fl-3"/>
      </object_component>
      <object_component id="oc-1f0">
         <name>.debug_info</name>
         <load_address>0xa2e3</load_address>
         <run_address>0xa2e3</run_address>
         <size>0xb4</size>
         <input_file_ref idref="fl-3"/>
      </object_component>
      <object_component id="oc-1fb">
         <name>.debug_info</name>
         <load_address>0xa397</load_address>
         <run_address>0xa397</run_address>
         <size>0xb4</size>
         <input_file_ref idref="fl-3"/>
      </object_component>
      <object_component id="oc-206">
         <name>.debug_info</name>
         <load_address>0xa44b</load_address>
         <run_address>0xa44b</run_address>
         <size>0xb4</size>
         <input_file_ref idref="fl-3"/>
      </object_component>
      <object_component id="oc-211">
         <name>.debug_info</name>
         <load_address>0xa4ff</load_address>
         <run_address>0xa4ff</run_address>
         <size>0xb4</size>
         <input_file_ref idref="fl-3"/>
      </object_component>
      <object_component id="oc-21c">
         <name>.debug_info</name>
         <load_address>0xa5b3</load_address>
         <run_address>0xa5b3</run_address>
         <size>0xbc</size>
         <input_file_ref idref="fl-3"/>
      </object_component>
      <object_component id="oc-1e0">
         <name>.debug_info</name>
         <load_address>0xa66f</load_address>
         <run_address>0xa66f</run_address>
         <size>0xb4</size>
         <input_file_ref idref="fl-3"/>
      </object_component>
      <object_component id="oc-1ed">
         <name>.debug_info</name>
         <load_address>0xa723</load_address>
         <run_address>0xa723</run_address>
         <size>0xb4</size>
         <input_file_ref idref="fl-3"/>
      </object_component>
      <object_component id="oc-1f8">
         <name>.debug_info</name>
         <load_address>0xa7d7</load_address>
         <run_address>0xa7d7</run_address>
         <size>0xb4</size>
         <input_file_ref idref="fl-3"/>
      </object_component>
      <object_component id="oc-203">
         <name>.debug_info</name>
         <load_address>0xa88b</load_address>
         <run_address>0xa88b</run_address>
         <size>0xb4</size>
         <input_file_ref idref="fl-3"/>
      </object_component>
      <object_component id="oc-20e">
         <name>.debug_info</name>
         <load_address>0xa93f</load_address>
         <run_address>0xa93f</run_address>
         <size>0xb4</size>
         <input_file_ref idref="fl-3"/>
      </object_component>
      <object_component id="oc-219">
         <name>.debug_info</name>
         <load_address>0xa9f3</load_address>
         <run_address>0xa9f3</run_address>
         <size>0xbc</size>
         <input_file_ref idref="fl-3"/>
      </object_component>
      <object_component id="oc-f3">
         <name>.debug_info</name>
         <load_address>0xaaaf</load_address>
         <run_address>0xaaaf</run_address>
         <size>0xb0</size>
         <input_file_ref idref="fl-3"/>
      </object_component>
      <object_component id="oc-f9">
         <name>.debug_info</name>
         <load_address>0xab5f</load_address>
         <run_address>0xab5f</run_address>
         <size>0xb0</size>
         <input_file_ref idref="fl-3"/>
      </object_component>
      <object_component id="oc-fc">
         <name>.debug_info</name>
         <load_address>0xac0f</load_address>
         <run_address>0xac0f</run_address>
         <size>0xb0</size>
         <input_file_ref idref="fl-3"/>
      </object_component>
      <object_component id="oc-ff">
         <name>.debug_info</name>
         <load_address>0xacbf</load_address>
         <run_address>0xacbf</run_address>
         <size>0xb0</size>
         <input_file_ref idref="fl-3"/>
      </object_component>
      <object_component id="oc-102">
         <name>.debug_info</name>
         <load_address>0xad6f</load_address>
         <run_address>0xad6f</run_address>
         <size>0xb0</size>
         <input_file_ref idref="fl-3"/>
      </object_component>
      <object_component id="oc-105">
         <name>.debug_info</name>
         <load_address>0xae1f</load_address>
         <run_address>0xae1f</run_address>
         <size>0xb8</size>
         <input_file_ref idref="fl-3"/>
      </object_component>
      <object_component id="oc-b3">
         <name>.debug_info</name>
         <load_address>0xaed7</load_address>
         <run_address>0xaed7</run_address>
         <size>0x949</size>
         <input_file_ref idref="fl-3"/>
      </object_component>
      <object_component id="oc-36">
         <name>.debug_info</name>
         <load_address>0xb820</load_address>
         <run_address>0xb820</run_address>
         <size>0xed</size>
         <input_file_ref idref="fl-4"/>
      </object_component>
      <object_component id="oc-10">
         <name>.debug_info</name>
         <load_address>0xb90d</load_address>
         <run_address>0xb90d</run_address>
         <size>0xd8</size>
         <input_file_ref idref="fl-4"/>
      </object_component>
      <object_component id="oc-2f">
         <name>.debug_info</name>
         <load_address>0xb9e5</load_address>
         <run_address>0xb9e5</run_address>
         <size>0x254</size>
         <input_file_ref idref="fl-4"/>
      </object_component>
      <object_component id="oc-85">
         <name>.debug_info</name>
         <load_address>0xbc39</load_address>
         <run_address>0xbc39</run_address>
         <size>0x18b</size>
         <input_file_ref idref="fl-4"/>
      </object_component>
      <object_component id="oc-25">
         <name>.debug_info</name>
         <load_address>0xbdc4</load_address>
         <run_address>0xbdc4</run_address>
         <size>0x17c</size>
         <input_file_ref idref="fl-be"/>
      </object_component>
      <object_component id="oc-42">
         <name>.debug_info</name>
         <load_address>0xbf40</load_address>
         <run_address>0xbf40</run_address>
         <size>0x15c</size>
         <input_file_ref idref="fl-c0"/>
      </object_component>
      <object_component id="oc-14">
         <name>.debug_info</name>
         <load_address>0xc09c</load_address>
         <run_address>0xc09c</run_address>
         <size>0x1fb</size>
         <input_file_ref idref="fl-c0"/>
      </object_component>
      <object_component id="oc-3d">
         <name>.debug_info</name>
         <load_address>0xc297</load_address>
         <run_address>0xc297</run_address>
         <size>0x46</size>
         <input_file_ref idref="fl-c0"/>
      </object_component>
      <object_component id="oc-8b">
         <name>.debug_info</name>
         <load_address>0xc2dd</load_address>
         <run_address>0xc2dd</run_address>
         <size>0x2c</size>
         <input_file_ref idref="fl-c0"/>
      </object_component>
      <object_component id="oc-4a">
         <name>.debug_info</name>
         <load_address>0xc309</load_address>
         <run_address>0xc309</run_address>
         <size>0x150</size>
         <input_file_ref idref="fl-c1"/>
      </object_component>
      <object_component id="oc-44">
         <name>.debug_info</name>
         <load_address>0xc459</load_address>
         <run_address>0xc459</run_address>
         <size>0x263</size>
         <input_file_ref idref="fl-c1"/>
      </object_component>
      <object_component id="oc-19">
         <name>.debug_info</name>
         <load_address>0xc6bc</load_address>
         <run_address>0xc6bc</run_address>
         <size>0x1cd</size>
         <input_file_ref idref="fl-c1"/>
      </object_component>
      <object_component id="oc-4b">
         <name>.debug_info</name>
         <load_address>0xc889</load_address>
         <run_address>0xc889</run_address>
         <size>0x39</size>
         <input_file_ref idref="fl-c1"/>
      </object_component>
      <object_component id="oc-9a">
         <name>.debug_info</name>
         <load_address>0xc8c2</load_address>
         <run_address>0xc8c2</run_address>
         <size>0x2c</size>
         <input_file_ref idref="fl-c1"/>
      </object_component>
      <object_component id="oc-c1">
         <name>.debug_info</name>
         <load_address>0xc8ee</load_address>
         <run_address>0xc8ee</run_address>
         <size>0x250</size>
         <input_file_ref idref="fl-c3"/>
      </object_component>
      <object_component id="oc-bb">
         <name>.debug_info</name>
         <load_address>0xcb3e</load_address>
         <run_address>0xcb3e</run_address>
         <size>0x1a1</size>
         <input_file_ref idref="fl-c3"/>
      </object_component>
      <object_component id="oc-75">
         <name>.debug_info</name>
         <load_address>0xccdf</load_address>
         <run_address>0xccdf</run_address>
         <size>0x230</size>
         <input_file_ref idref="fl-c3"/>
      </object_component>
      <object_component id="oc-26d">
         <name>.debug_info</name>
         <load_address>0xcf0f</load_address>
         <run_address>0xcf0f</run_address>
         <size>0x12d</size>
         <input_file_ref idref="fl-c4"/>
      </object_component>
      <object_component id="oc-191">
         <name>.debug_info</name>
         <load_address>0xd03c</load_address>
         <run_address>0xd03c</run_address>
         <size>0x165</size>
         <input_file_ref idref="fl-c4"/>
      </object_component>
      <object_component id="oc-24d">
         <name>.debug_info</name>
         <load_address>0xd1a1</load_address>
         <run_address>0xd1a1</run_address>
         <size>0x12d</size>
         <input_file_ref idref="fl-c5"/>
      </object_component>
      <object_component id="oc-158">
         <name>.debug_info</name>
         <load_address>0xd2ce</load_address>
         <run_address>0xd2ce</run_address>
         <size>0x165</size>
         <input_file_ref idref="fl-c5"/>
      </object_component>
      <object_component id="oc-269">
         <name>.debug_info</name>
         <load_address>0xd433</load_address>
         <run_address>0xd433</run_address>
         <size>0x12d</size>
         <input_file_ref idref="fl-c6"/>
      </object_component>
      <object_component id="oc-185">
         <name>.debug_info</name>
         <load_address>0xd560</load_address>
         <run_address>0xd560</run_address>
         <size>0x165</size>
         <input_file_ref idref="fl-c6"/>
      </object_component>
      <object_component id="oc-38">
         <name>.debug_info</name>
         <load_address>0xd6c5</load_address>
         <run_address>0xd6c5</run_address>
         <size>0x12d</size>
         <input_file_ref idref="fl-c7"/>
      </object_component>
      <object_component id="oc-80">
         <name>.debug_info</name>
         <load_address>0xd7f2</load_address>
         <run_address>0xd7f2</run_address>
         <size>0x23e</size>
         <input_file_ref idref="fl-c8"/>
      </object_component>
      <object_component id="oc-2c">
         <name>.debug_info</name>
         <load_address>0xda30</load_address>
         <run_address>0xda30</run_address>
         <size>0x11d</size>
         <input_file_ref idref="fl-c8"/>
      </object_component>
      <object_component id="oc-238">
         <name>.debug_info</name>
         <load_address>0xdb4d</load_address>
         <run_address>0xdb4d</run_address>
         <size>0x168</size>
         <input_file_ref idref="fl-c8"/>
      </object_component>
      <object_component id="oc-13d">
         <name>.debug_info</name>
         <load_address>0xdcb5</load_address>
         <run_address>0xdcb5</run_address>
         <size>0x8a7</size>
         <input_file_ref idref="fl-c8"/>
      </object_component>
      <object_component id="oc-c7">
         <name>.debug_info</name>
         <load_address>0xe55c</load_address>
         <run_address>0xe55c</run_address>
         <size>0x2c</size>
         <input_file_ref idref="fl-c8"/>
      </object_component>
      <object_component id="oc-cc">
         <name>.debug_info</name>
         <load_address>0xe588</load_address>
         <run_address>0xe588</run_address>
         <size>0x62</size>
         <input_file_ref idref="fl-c8"/>
      </object_component>
      <object_component id="oc-52">
         <name>.debug_info</name>
         <load_address>0xe5ea</load_address>
         <run_address>0xe5ea</run_address>
         <size>0x15b</size>
         <input_file_ref idref="fl-c9"/>
      </object_component>
      <object_component id="oc-5d">
         <name>.debug_info</name>
         <load_address>0xe745</load_address>
         <run_address>0xe745</run_address>
         <size>0x154</size>
         <input_file_ref idref="fl-ca"/>
      </object_component>
      <object_component id="oc-63">
         <name>.debug_info</name>
         <load_address>0xe899</load_address>
         <run_address>0xe899</run_address>
         <size>0x164</size>
         <input_file_ref idref="fl-cb"/>
      </object_component>
      <object_component id="oc-1d9">
         <name>.debug_info</name>
         <load_address>0xe9fd</load_address>
         <run_address>0xe9fd</run_address>
         <size>0x248</size>
         <input_file_ref idref="fl-cc"/>
      </object_component>
      <object_component id="oc-ed">
         <name>.debug_info</name>
         <load_address>0xec45</load_address>
         <run_address>0xec45</run_address>
         <size>0x2a0</size>
         <input_file_ref idref="fl-cc"/>
      </object_component>
      <object_component id="oc-308">
         <name>.debug_info</name>
         <load_address>0xeee5</load_address>
         <run_address>0xeee5</run_address>
         <size>0xae</size>
         <input_file_ref idref="fl-cc"/>
      </object_component>
      <object_component id="oc-251">
         <name>.debug_info</name>
         <load_address>0xef93</load_address>
         <run_address>0xef93</run_address>
         <size>0x1d7</size>
         <input_file_ref idref="fl-cd"/>
      </object_component>
      <object_component id="oc-163">
         <name>.debug_info</name>
         <load_address>0xf16a</load_address>
         <run_address>0xf16a</run_address>
         <size>0x300</size>
         <input_file_ref idref="fl-cd"/>
      </object_component>
      <object_component id="oc-289">
         <name>.debug_info</name>
         <load_address>0xf46a</load_address>
         <run_address>0xf46a</run_address>
         <size>0x2c</size>
         <input_file_ref idref="fl-cd"/>
      </object_component>
      <object_component id="oc-7b">
         <name>.debug_info</name>
         <load_address>0xf496</load_address>
         <run_address>0xf496</run_address>
         <size>0x125</size>
         <input_file_ref idref="fl-ce"/>
      </object_component>
      <object_component id="oc-267">
         <name>.debug_info</name>
         <load_address>0xf5bb</load_address>
         <run_address>0xf5bb</run_address>
         <size>0x106</size>
         <input_file_ref idref="fl-cf"/>
      </object_component>
      <object_component id="oc-17f">
         <name>.debug_info</name>
         <load_address>0xf6c1</load_address>
         <run_address>0xf6c1</run_address>
         <size>0x27c</size>
         <input_file_ref idref="fl-cf"/>
      </object_component>
      <object_component id="oc-230">
         <name>.debug_info</name>
         <load_address>0xf93d</load_address>
         <run_address>0xf93d</run_address>
         <size>0x11b</size>
         <input_file_ref idref="fl-d0"/>
      </object_component>
      <object_component id="oc-12f">
         <name>.debug_info</name>
         <load_address>0xfa58</load_address>
         <run_address>0xfa58</run_address>
         <size>0x192</size>
         <input_file_ref idref="fl-d0"/>
      </object_component>
      <object_component id="oc-22b">
         <name>.debug_info</name>
         <load_address>0xfbea</load_address>
         <run_address>0xfbea</run_address>
         <size>0x39</size>
         <input_file_ref idref="fl-d0"/>
      </object_component>
      <object_component id="oc-26b">
         <name>.debug_info</name>
         <load_address>0xfc23</load_address>
         <run_address>0xfc23</run_address>
         <size>0x12d</size>
         <input_file_ref idref="fl-d1"/>
      </object_component>
      <object_component id="oc-18b">
         <name>.debug_info</name>
         <load_address>0xfd50</load_address>
         <run_address>0xfd50</run_address>
         <size>0x165</size>
         <input_file_ref idref="fl-d1"/>
      </object_component>
      <object_component id="oc-26f">
         <name>.debug_info</name>
         <load_address>0xfeb5</load_address>
         <run_address>0xfeb5</run_address>
         <size>0x12d</size>
         <input_file_ref idref="fl-d2"/>
      </object_component>
      <object_component id="oc-197">
         <name>.debug_info</name>
         <load_address>0xffe2</load_address>
         <run_address>0xffe2</run_address>
         <size>0x165</size>
         <input_file_ref idref="fl-d2"/>
      </object_component>
      <object_component id="oc-1b8">
         <name>.debug_info</name>
         <load_address>0x10147</load_address>
         <run_address>0x10147</run_address>
         <size>0x26b</size>
         <input_file_ref idref="fl-d3"/>
      </object_component>
      <object_component id="oc-1b5">
         <name>.debug_info</name>
         <load_address>0x103b2</load_address>
         <run_address>0x103b2</run_address>
         <size>0x114</size>
         <input_file_ref idref="fl-d3"/>
      </object_component>
      <object_component id="oc-e7">
         <name>.debug_info</name>
         <load_address>0x104c6</load_address>
         <run_address>0x104c6</run_address>
         <size>0xad5</size>
         <input_file_ref idref="fl-d3"/>
      </object_component>
      <object_component id="oc-1be">
         <name>.debug_info</name>
         <load_address>0x10f9b</load_address>
         <run_address>0x10f9b</run_address>
         <size>0x53</size>
         <input_file_ref idref="fl-d3"/>
      </object_component>
      <object_component id="oc-1b9">
         <name>.debug_info</name>
         <load_address>0x10fee</load_address>
         <run_address>0x10fee</run_address>
         <size>0x2c</size>
         <input_file_ref idref="fl-d3"/>
      </object_component>
      <object_component id="oc-282">
         <name>.debug_info</name>
         <load_address>0x1101a</load_address>
         <run_address>0x1101a</run_address>
         <size>0x132</size>
         <input_file_ref idref="fl-d4"/>
      </object_component>
      <object_component id="oc-27f">
         <name>.debug_info</name>
         <load_address>0x1114c</load_address>
         <run_address>0x1114c</run_address>
         <size>0x119</size>
         <input_file_ref idref="fl-d4"/>
      </object_component>
      <object_component id="oc-1aa">
         <name>.debug_info</name>
         <load_address>0x11265</load_address>
         <run_address>0x11265</run_address>
         <size>0x29d</size>
         <input_file_ref idref="fl-d4"/>
      </object_component>
      <object_component id="oc-19e">
         <name>.debug_info</name>
         <load_address>0x11502</load_address>
         <run_address>0x11502</run_address>
         <size>0x156</size>
         <input_file_ref idref="fl-d5"/>
      </object_component>
      <object_component id="oc-122">
         <name>.debug_info</name>
         <load_address>0x11658</load_address>
         <run_address>0x11658</run_address>
         <size>0x140</size>
         <input_file_ref idref="fl-d6"/>
      </object_component>
      <object_component id="oc-be">
         <name>.debug_info</name>
         <load_address>0x11798</load_address>
         <run_address>0x11798</run_address>
         <size>0x12f</size>
         <input_file_ref idref="fl-d6"/>
      </object_component>
      <object_component id="oc-11b">
         <name>.debug_info</name>
         <load_address>0x118c7</load_address>
         <run_address>0x118c7</run_address>
         <size>0x23b</size>
         <input_file_ref idref="fl-d6"/>
      </object_component>
      <object_component id="oc-2f7">
         <name>.debug_info</name>
         <load_address>0x11b02</load_address>
[...]
         <value>0x8741</value>
         <object_component_ref idref="oc-74"/>
      </symbol>
      <symbol id="sm-6d4">
         <name>__TI_dtors_ptr</name>
         <value>0x20004208</value>
         <object_component_ref idref="oc-ba"/>
      </symbol>
      <symbol id="sm-6d5">
         <name>__TI_cleanup_ptr</name>
         <value>0x20004204</value>
         <object_component_ref idref="oc-ba"/>
      </symbol>
      <symbol id="sm-6d6">
         <name>__TI_enable_exit_profile_output</name>
         <value>0x2000420c</value>
         <object_component_ref idref="oc-ba"/>
      </symbol>
      <symbol id="sm-6e5">
         <name>islower</name>
         <value>0x89dd</value>
         <object_component_ref idref="oc-190"/>
      </symbol>
      <symbol id="sm-6f4">
         <name>isspace</name>
         <value>0x89ed</value>
         <object_component_ref idref="oc-157"/>
      </symbol>
      <symbol id="sm-703">
         <name>isupper</name>
         <value>0x89fd</value>
         <object_component_ref idref="oc-184"/>
      </symbol>
      <symbol id="sm-71e">
         <name>memcpy</name>
         <value>0x8059</value>
         <object_component_ref idref="oc-37"/>
      </symbol>
      <symbol id="sm-71f">
         <name>__aeabi_memcpy</name>
         <value>0x8059</value>
         <object_component_ref idref="oc-37"/>
      </symbol>
      <symbol id="sm-720">
         <name>__aeabi_memcpy8</name>
         <value>0x8059</value>
         <object_component_ref idref="oc-37"/>
      </symbol>
      <symbol id="sm-721">
         <name>__aeabi_memcpy4</name>
         <value>0x8059</value>
         <object_component_ref idref="oc-37"/>
      </symbol>
      <symbol id="sm-795">
         <name>_sys_memory</name>
         <value>0x20004d10</value>
         <object_component_ref idref="oc-2b"/>
      </symbol>
      <symbol id="sm-796">
         <name>free</name>
         <value>0x677b</value>
         <object_component_ref idref="oc-13c"/>
      </symbol>
      <symbol id="sm-797">
         <name>realloc</name>
         <value>0x683d</value>
         <object_component_ref idref="oc-13c"/>
      </symbol>
      <symbol id="sm-798">
         <name>memalign</name>
         <value>0x6949</value>
         <object_component_ref idref="oc-13c"/>
      </symbol>
      <symbol id="sm-799">
         <name>calloc</name>
         <value>0x6a2d</value>
         <object_component_ref idref="oc-13c"/>
      </symbol>
      <symbol id="sm-79a">
         <name>malloc</name>
         <value>0x6713</value>
         <object_component_ref idref="oc-13c"/>
      </symbol>
      <symbol id="sm-79b">
         <name>minit</name>
         <value>0x6685</value>
         <object_component_ref idref="oc-13c"/>
      </symbol>
      <symbol id="sm-7aa">
         <name>__aeabi_memset</name>
         <value>0x8333</value>
         <object_component_ref idref="oc-50"/>
      </symbol>
      <symbol id="sm-7ab">
         <name>memset</name>
         <value>0x8339</value>
         <object_component_ref idref="oc-50"/>
      </symbol>
      <symbol id="sm-7ac">
         <name>__aeabi_memset8</name>
         <value>0x8333</value>
         <object_component_ref idref="oc-50"/>
      </symbol>
      <symbol id="sm-7ad">
         <name>__aeabi_memset4</name>
         <value>0x8333</value>
         <object_component_ref idref="oc-50"/>
      </symbol>
      <symbol id="sm-7ae">
         <name>__aeabi_memclr8</name>
         <value>0x8331</value>
         <object_component_ref idref="oc-50"/>
      </symbol>
      <symbol id="sm-7af">
         <name>__aeabi_memclr4</name>
         <value>0x8331</value>
         <object_component_ref idref="oc-50"/>
      </symbol>
      <symbol id="sm-7b0">
         <name>__aeabi_memclr</name>
         <value>0x8331</value>
         <object_component_ref idref="oc-50"/>
      </symbol>
      <symbol id="sm-7ba">
         <name>__mpu_init</name>
         <value>0x83ab</value>
         <object_component_ref idref="oc-5c"/>
      </symbol>
      <symbol id="sm-7c4">
         <name>_system_pre_init</name>
         <value>0x8a5b</value>
         <object_component_ref idref="oc-62"/>
      </symbol>
      <symbol id="sm-7e2">
         <name>printf</name>
         <value>0x8425</value>
         <object_component_ref idref="oc-ec"/>
      </symbol>
      <symbol id="sm-7fb">
         <name>sprintf</name>
         <value>0x8629</value>
         <object_component_ref idref="oc-161"/>
      </symbol>
      <symbol id="sm-803">
         <name>main_func_sp</name>
         <value>0x200042c8</value>
         <object_component_ref idref="oc-7a"/>
      </symbol>
      <symbol id="sm-811">
         <name>strlen</name>
         <value>0x89c9</value>
         <object_component_ref idref="oc-17e"/>
      </symbol>
      <symbol id="sm-824">
         <name>__time32</name>
         <value>0x8a3b</value>
         <object_component_ref idref="oc-12d"/>
      </symbol>
      <symbol id="sm-825">
         <name>time</name>
         <value>0x8a3b</value>
         <object_component_ref idref="oc-12d"/>
      </symbol>
      <symbol id="sm-834">
         <name>tolower</name>
         <value>0x8a0d</value>
         <object_component_ref idref="oc-18a"/>
      </symbol>
      <symbol id="sm-843">
         <name>toupper</name>
         <value>0x8a1d</value>
         <object_component_ref idref="oc-196"/>
      </symbol>
      <symbol id="sm-870">
         <name>HOSTgetenv</name>
         <value>0x7069</value>
         <object_component_ref idref="oc-e6"/>
      </symbol>
      <symbol id="sm-871">
         <name>HOSTrename</name>
         <value>0x6f11</value>
         <object_component_ref idref="oc-e6"/>
      </symbol>
      <symbol id="sm-872">
         <name>HOSTclose</name>
         <value>0x70a7</value>
         <object_component_ref idref="oc-e6"/>
      </symbol>
      <symbol id="sm-873">
         <name>HOSTtime64</name>
         <value>0x6e8d</value>
         <object_component_ref idref="oc-e6"/>
      </symbol>
      <symbol id="sm-874">
         <name>HOSTunlink</name>
         <value>0x6e55</value>
         <object_component_ref idref="oc-e6"/>
      </symbol>
      <symbol id="sm-875">
         <name>HOSTlseek</name>
         <value>0x700d</value>
         <object_component_ref idref="oc-e6"/>
      </symbol>
      <symbol id="sm-876">
         <name>HOSTopen</name>
         <value>0x6fbb</value>
         <object_component_ref idref="oc-e6"/>
      </symbol>
      <symbol id="sm-877">
         <name>HOSTclock</name>
         <value>0x70df</value>
         <object_component_ref idref="oc-e6"/>
      </symbol>
      <symbol id="sm-878">
         <name>HOSTwrite</name>
         <value>0x6e09</value>
         <object_component_ref idref="oc-e6"/>
      </symbol>
      <symbol id="sm-879">
         <name>HOSTread</name>
         <value>0x6f6f</value>
         <object_component_ref idref="oc-e6"/>
      </symbol>
      <symbol id="sm-87a">
         <name>HOSTtime</name>
         <value>0x6ed7</value>
         <object_component_ref idref="oc-e6"/>
      </symbol>
      <symbol id="sm-895">
         <name>__TI_readmsg</name>
         <value>0x852b</value>
         <object_component_ref idref="oc-1a8"/>
      </symbol>
      <symbol id="sm-896">
         <name>C$$IO$$</name>
         <value>0x8527</value>
         <object_component_ref idref="oc-1a8"/>
      </symbol>
      <symbol id="sm-897">
         <name>__CIOBUF_</name>
         <value>0x200046d0</value>
         <object_component_ref idref="oc-27e"/>
      </symbol>
      <symbol id="sm-898">
         <name>__TI_writemsg</name>
         <value>0x84f9</value>
         <object_component_ref idref="oc-1a8"/>
      </symbol>
      <symbol id="sm-8a7">
         <name>__aeabi_uidivmod</name>
         <value>0x8869</value>
         <object_component_ref idref="oc-19c"/>
      </symbol>
      <symbol id="sm-8a8">
         <name>__aeabi_uidiv</name>
         <value>0x8869</value>
         <object_component_ref idref="oc-19c"/>
      </symbol>
      <symbol id="sm-8c1">
         <name>_nop</name>
         <value>0x899b</value>
         <object_component_ref idref="oc-11a"/>
      </symbol>
      <symbol id="sm-8c2">
         <name>_lock</name>
         <value>0x20004298</value>
         <object_component_ref idref="oc-bd"/>
      </symbol>
      <symbol id="sm-8c3">
         <name>_unlock</name>
         <value>0x2000429c</value>
         <object_component_ref idref="oc-bd"/>
      </symbol>
      <symbol id="sm-8c4">
         <name>_register_lock</name>
         <value>0x8993</value>
         <object_component_ref idref="oc-11a"/>
      </symbol>
      <symbol id="sm-8c5">
         <name>_register_unlock</name>
         <value>0x898d</value>
         <object_component_ref idref="oc-11a"/>
      </symbol>
      <symbol id="sm-9cc">
         <name>__TI_printfi</name>
         <value>0x637f</value>
         <object_component_ref idref="oc-1cf"/>
      </symbol>
      <symbol id="sm-9e0">
         <name>_args_main</name>
         <value>0x8945</value>
         <object_component_ref idref="oc-6e"/>
      </symbol>
      <symbol id="sm-9f6">
         <name>atoi</name>
         <value>0x8789</value>
         <object_component_ref idref="oc-2f0"/>
      </symbol>
      <symbol id="sm-a1b">
         <name>__TI_auto_init</name>
         <value>0x83ad</value>
         <object_component_ref idref="oc-68"/>
      </symbol>
      <symbol id="sm-a35">
         <name>copy_in</name>
         <value>0x87d5</value>
         <object_component_ref idref="oc-a4"/>
      </symbol>
      <symbol id="sm-a40">
         <name>_ctypes_</name>
         <value>0x8b62</value>
         <object_component_ref idref="oc-249"/>
      </symbol>
      <symbol id="sm-a55">
         <name>__TI_tmpnams</name>
         <value>0x200048b8</value>
      </symbol>
      <symbol id="sm-a56">
         <name>__aeabi_stdout</name>
         <value>0x200041fc</value>
         <object_component_ref idref="oc-35b"/>
      </symbol>
      <symbol id="sm-a57">
         <name>__aeabi_stderr</name>
         <value>0x20004200</value>
         <object_component_ref idref="oc-35b"/>
      </symbol>
      <symbol id="sm-a58">
         <name>__aeabi_stdin</name>
         <value>0x200041f8</value>
         <object_component_ref idref="oc-35b"/>
      </symbol>
      <symbol id="sm-a59">
         <name>_ftable</name>
         <value>0x20003b88</value>
         <object_component_ref idref="oc-1d5"/>
      </symbol>
      <symbol id="sm-a5a">
         <name>__TI_ft_end</name>
         <value>0x200041f4</value>
         <object_component_ref idref="oc-35b"/>
      </symbol>
      <symbol id="sm-a71">
         <name>__aeabi_dsub</name>
         <value>0x77f1</value>
         <object_component_ref idref="oc-2d3"/>
      </symbol>
      <symbol id="sm-a72">
         <name>__aeabi_dadd</name>
         <value>0x77fb</value>
         <object_component_ref idref="oc-2d3"/>
      </symbol>
      <symbol id="sm-a94">
         <name>__aeabi_cdcmpeq</name>
         <value>0x8225</value>
         <object_component_ref idref="oc-2af"/>
      </symbol>
      <symbol id="sm-a95">
         <name>__aeabi_cdcmple</name>
         <value>0x8225</value>
         <object_component_ref idref="oc-2af"/>
      </symbol>
      <symbol id="sm-a96">
         <name>__aeabi_cdrcmple</name>
         <value>0x82ab</value>
         <object_component_ref idref="oc-2be"/>
      </symbol>
      <symbol id="sm-aaa">
         <name>__aeabi_ddiv</name>
         <value>0x79a7</value>
         <object_component_ref idref="oc-2b9"/>
      </symbol>
      <symbol id="sm-ab5">
         <name>__aeabi_dmul</name>
         <value>0x7c11</value>
         <object_component_ref idref="oc-2b4"/>
      </symbol>
      <symbol id="sm-abf">
         <name>__aeabi_d2iz</name>
         <value>0x8821</value>
         <object_component_ref idref="oc-2c3"/>
      </symbol>
      <symbol id="sm-ad6">
         <name>putc</name>
         <value>0x818d</value>
         <object_component_ref idref="oc-1c3"/>
      </symbol>
      <symbol id="sm-ad7">
         <name>fputc</name>
         <value>0x818d</value>
         <object_component_ref idref="oc-1c3"/>
      </symbol>
      <symbol id="sm-ad8">
         <name>putchar</name>
         <value>0x8211</value>
         <object_component_ref idref="oc-1c3"/>
      </symbol>
      <symbol id="sm-afa">
         <name>puts</name>
         <value>0x7be9</value>
         <object_component_ref idref="oc-1c9"/>
      </symbol>
      <symbol id="sm-afb">
         <name>fputs</name>
         <value>0x7add</value>
         <object_component_ref idref="oc-1c9"/>
      </symbol>
      <symbol id="sm-b05">
         <name>__aeabi_idiv0</name>
         <value>0x5573</value>
         <object_component_ref idref="oc-270"/>
      </symbol>
      <symbol id="sm-b0f">
         <name>__aeabi_i2d</name>
         <value>0x88d9</value>
         <object_component_ref idref="oc-2ce"/>
      </symbol>
      <symbol id="sm-b58">
         <name>open</name>
         <value>0x726b</value>
         <object_component_ref idref="oc-29a"/>
      </symbol>
      <symbol id="sm-b59">
         <name>add_device</name>
         <value>0x738d</value>
         <object_component_ref idref="oc-29a"/>
      </symbol>
      <symbol id="sm-b5a">
         <name>remove_device</name>
         <value>0x721f</value>
         <object_component_ref idref="oc-29a"/>
      </symbol>
      <symbol id="sm-b5b">
         <name>lseek</name>
         <value>0x7319</value>
         <object_component_ref idref="oc-29a"/>
      </symbol>
      <symbol id="sm-b5c">
         <name>read</name>
         <value>0x7247</value>
         <object_component_ref idref="oc-29a"/>
      </symbol>
      <symbol id="sm-b5d">
         <name>rename</name>
         <value>0x71e1</value>
         <object_component_ref idref="oc-29a"/>
      </symbol>
      <symbol id="sm-b5e">
         <name>write</name>
         <value>0x712d</value>
         <object_component_ref idref="oc-29a"/>
      </symbol>
      <symbol id="sm-b5f">
         <name>close</name>
         <value>0x733d</value>
         <object_component_ref idref="oc-29a"/>
      </symbol>
      <symbol id="sm-b60">
         <name>unlink</name>
         <value>0x71bd</value>
         <object_component_ref idref="oc-29a"/>
      </symbol>
      <symbol id="sm-b6f">
         <name>ltoa</name>
         <value>0x8689</value>
         <object_component_ref idref="oc-2c8"/>
      </symbol>
      <symbol id="sm-b7f">
         <name>memccpy</name>
         <value>0x8927</value>
         <object_component_ref idref="oc-2ea"/>
      </symbol>
      <symbol id="sm-b8f">
         <name>memchr</name>
         <value>0x8907</value>
         <object_component_ref idref="oc-2a2"/>
      </symbol>
      <symbol id="sm-baa">
         <name>frexpl</name>
         <value>0x85c5</value>
         <object_component_ref idref="oc-2d8"/>
      </symbol>
      <symbol id="sm-bab">
         <name>frexp</name>
         <value>0x85c5</value>
         <object_component_ref idref="oc-2d8"/>
      </symbol>
      <symbol id="sm-bc8">
         <name>scalbn</name>
         <value>0x7d0d</value>
         <object_component_ref idref="oc-2de"/>
      </symbol>
      <symbol id="sm-bc9">
         <name>scalbnl</name>
         <value>0x7d0d</value>
         <object_component_ref idref="oc-2de"/>
      </symbol>
      <symbol id="sm-bca">
         <name>ldexpl</name>
         <value>0x7d0d</value>
         <object_component_ref idref="oc-2de"/>
      </symbol>
      <symbol id="sm-bcb">
         <name>ldexp</name>
         <value>0x7d0d</value>
         <object_component_ref idref="oc-2de"/>
      </symbol>
      <symbol id="sm-bd5">
         <name>_system_post_cinit</name>
         <value>0x84f7</value>
         <object_component_ref idref="oc-aa"/>
      </symbol>
      <symbol id="sm-be5">
         <name>strchr</name>
         <value>0x8975</value>
         <object_component_ref idref="oc-2e4"/>
      </symbol>
      <symbol id="sm-bf4">
         <name>strcmp</name>
         <value>0x895d</value>
         <object_component_ref idref="oc-360"/>
      </symbol>
      <symbol id="sm-c02">
         <name>strcpy</name>
         <value>0x89b5</value>
         <object_component_ref idref="oc-1ae"/>
      </symbol>
      <symbol id="sm-c12">
         <name>strncpy</name>
         <value>0x88a9</value>
         <object_component_ref idref="oc-366"/>
      </symbol>
      <symbol id="sm-c2e">
         <name>__aeabi_uldivmod</name>
         <value>0x7439</value>
         <object_component_ref idref="oc-2aa"/>
      </symbol>
      <symbol id="sm-c4c">
         <name>__TI_wrt_ok</name>
         <value>0x7fad</value>
         <object_component_ref idref="oc-28e"/>
      </symbol>
      <symbol id="sm-c4d">
         <name>__TI_rd_ok</name>
         <value>0x800f</value>
         <object_component_ref idref="oc-28e"/>
      </symbol>
      <symbol id="sm-c55">
         <name>errno</name>
         <value>0x200042c0</value>
         <object_component_ref idref="oc-38f"/>
      </symbol>
      <symbol id="sm-c6f">
         <name>__TI_doflush</name>
         <value>0x7ee5</value>
         <object_component_ref idref="oc-294"/>
      </symbol>
      <symbol id="sm-c70">
         <name>fflush</name>
         <value>0x7f31</value>
         <object_component_ref idref="oc-294"/>
      </symbol>
      <symbol id="sm-c82">
         <name>fseek</name>
         <value>0x8561</value>
         <object_component_ref idref="oc-34d"/>
      </symbol>
      <symbol id="sm-c8c">
         <name>copysign</name>
         <value>0x89a1</value>
         <object_component_ref idref="oc-389"/>
      </symbol>
      <symbol id="sm-c8d">
         <name>copysignl</name>
         <value>0x89a1</value>
         <object_component_ref idref="oc-389"/>
      </symbol>
      <symbol id="sm-ca9">
         <name>setvbuf</name>
         <value>0x7e09</value>
         <object_component_ref idref="oc-353"/>
      </symbol>
      <symbol id="sm-cdb">
         <name>__TI_cleanup</name>
         <value>0x76f5</value>
         <object_component_ref idref="oc-3a7"/>
      </symbol>
      <symbol id="sm-cdc">
         <name>freopen</name>
         <value>0x7721</value>
         <object_component_ref idref="oc-3a7"/>
      </symbol>
      <symbol id="sm-cdd">
         <name>fopen</name>
         <value>0x774b</value>
         <object_component_ref idref="oc-3a7"/>
      </symbol>
      <symbol id="sm-cf3">
         <name>__TI_closefile</name>
         <value>0x80f5</value>
         <object_component_ref idref="oc-3da"/>
      </symbol>
      <symbol id="sm-cf4">
         <name>fclose</name>
         <value>0x815b</value>
         <object_component_ref idref="oc-3da"/>
      </symbol>
      <symbol id="sm-cf6">
         <name>__TI_static_base__</name>
         <value>0x0</value>
      </symbol>
      <symbol id="sm-cf9">
         <name>SHT$$INIT_ARRAY$$Limit</name>
         <value>0x0</value>
      </symbol>
      <symbol id="sm-cfa">
         <name>SHT$$INIT_ARRAY$$Base</name>
         <value>0x0</value>
      </symbol>
      <symbol id="sm-cfb">
         <name>clock</name>
         <value>0x70df</value>
      </symbol>
      <symbol id="sm-cfc">
         <name>remove</name>
         <value>0x71bd</value>
      </symbol>
   </symbol_table>
   <title>Link successful</title>
</link_info>
