******************************************************************************
                  TI ARM Linker PC v15.12.1                    
******************************************************************************
>> Linked Fri Nov 01 15:19:38 2019

OUTPUT FILE NAME:   <Cryptography.out>
ENTRY POINT SYMBOL: "_c_int00"  address: 000086e1


MEMORY CONFIGURATION

         name            origin    length      used     unused   attr    fill
----------------------  --------  ---------  --------  --------  ----  --------
  FLASH                 00000000   00040000  0000cc78  00033388  R  X
  SRAM                  20000000   00008000  00004d14  000032ec  RW X


SEGMENT ALLOCATION MAP

run origin  load origin   length   init length attrs members
----------  ----------- ---------- ----------- ----- -------
00000000    00000000    0000cc7c   0000cc7c    r-x
  00000000    00000000    0000026c   0000026c    r-- .intvecs
  0000026c    0000026c    000087f2   000087f2    r-x .text
  00008a60    00008a60    000002ce   000002ce    r-- .const
  00008d30    00008d30    00003f4c   00003f4c    r-- .cinit
20000000    20000000    00004d18   00000000    rw-
  20000000    20000000    000042cc   00000000    rw- .data
  200042cc    200042cc    00000840   00000000    rw- .bss
  20004b0c    20004b0c    00000200   00000000    rw- .stack
  20004d10    20004d10    00000008   00000000    rw- .sysmem


SECTION ALLOCATION MAP

 output                                  attributes/
section   page    origin      length       input sections
--------  ----  ----------  ----------   ----------------
.intvecs   0    00000000    0000026c     
                  00000000    0000026c     tm4c123gh6pm_startup_ccs.obj (.intvecs)

.text      0    0000026c    000087f2     
                  0000026c    00005306     flint.obj (.text)
                  00005572    00000002     rtsv7M4_T_le_v4SPD16_eabi.lib : i_div0.obj (.text)
                  00005574    00001110                                   : _printfi.obj (.text)
                  00006684    000003dc                                   : memory.obj (.text)
                  00006a60    000003a8     main.obj (.text)
                  00006e08    00000324     rtsv7M4_T_le_v4SPD16_eabi.lib : trgdrv.obj (.text)
                  0000712c    0000030c                                   : lowlev.obj (.text)
                  00007438    000001f4                                   : ull_div_t2.obj (.text)
                  0000762c    000001c4                                   : fopen.obj (.text)
                  000077f0    000001b6                                   : fd_add_t2.obj (.text)
                  000079a6    00000136                                   : fd_div_t2.obj (.text)
                  00007adc    00000134                                   : fputs.obj (.text)
                  00007c10    000000fc                                   : fd_mul_t2.obj (.text)
                  00007d0c    000000fc                                   : s_scalbn.obj (.text)
                  00007e08    000000dc                                   : setvbuf.obj (.text)
                  00007ee4    000000c8                                   : fflush.obj (.text)
                  00007fac    000000ac                                   : _io_perm.obj (.text)
                  00008058    0000009c                                   : memcpy_t2.obj (.text)
                  000080f4    00000098                                   : fclose.obj (.text)
                  0000818c    00000098                                   : fputc.obj (.text)
                  00008224    00000086                                   : fd_cmp_t2.obj (.text:__aeabi_cdcmple)
                  000082aa    00000086                                   : fd_cmp_t2.obj (.text:__aeabi_cdrcmple)
                  00008330    0000007a                                   : memset_t2.obj (.text)
                  000083aa    00000002                                   : mpu_init.obj (.text)
                  000083ac    00000070                                   : autoinit.obj (.text)
                  0000841c    00000070                                   : printf.obj (.text)
                  0000848c    0000006a                                   : copy_decompress_rle.obj (.text)
                  000084f6    00000002                                   : startup.obj (.text)
                  000084f8    00000068                                   : trgmsg.obj (.text)
                  00008560    00000064                                   : fseek.obj (.text)
                  000085c4    00000064                                   : s_frexp.obj (.text)
                  00008628    00000060                                   : sprintf.obj (.text)
                  00008688    00000056                                   : ltoa.obj (.text)
                  000086de    00000002     --HOLE-- [fill = 0]
                  000086e0    00000054                                   : boot.obj (.text)
                  00008734    00000054                                   : exit.obj (.text)
                  00008788    0000004c                                   : atoi.obj (.text)
                  000087d4    0000004c                                   : cpy_tbl.obj (.text)
                  00008820    00000048                                   : fd_toi_t2.obj (.text)
                  00008868    00000040                                   : u_divt2.obj (.text)
                  000088a8    00000030                                   : strncpy.obj (.text)
                  000088d8    0000002e                                   : i_tofd_t2.obj (.text)
                  00008906    00000020                                   : memchr.obj (.text)
                  00008926    0000001c                                   : memccpy.obj (.text)
                  00008942    00000002     --HOLE-- [fill = 0]
                  00008944    00000018                                   : args_main.obj (.text)
                  0000895c    00000018                                   : strcmp.obj (.text)
                  00008974    00000016                                   : strchr.obj (.text)
                  0000898a    00000002     --HOLE-- [fill = 0]
                  0000898c    00000014                                   : _lock.obj (.text)
                  000089a0    00000014                                   : s_copysign.obj (.text)
                  000089b4    00000014                                   : strcpy.obj (.text)
                  000089c8    00000014                                   : strlen.obj (.text)
                  000089dc    00000010                                   : islower.obj (.text)
                  000089ec    00000010                                   : isspace.obj (.text)
                  000089fc    00000010                                   : isupper.obj (.text)
                  00008a0c    00000010                                   : tolower.obj (.text)
                  00008a1c    00000010                                   : toupper.obj (.text)
                  00008a2c    0000000e                                   : copy_decompress_none.obj (.text:decompress:none)
                  00008a3a    0000000e                                   : time.obj (.text)
                  00008a48    0000000c     tm4c123gh6pm_startup_ccs.obj (.text)
                  00008a54    00000006     rtsv7M4_T_le_v4SPD16_eabi.lib : copy_decompress_rle.obj (.text:decompress:rle24)
                  00008a5a    00000004                                   : pre_init.obj (.text)

.const     0    00008a60    000002ce     
                  00008a60    00000102     flint.obj (.const:.string)
                  00008b62    00000101     rtsv7M4_T_le_v4SPD16_eabi.lib : ctype.obj (.const:.string:_ctypes_)
                  00008c63    00000041     flint.obj (.const:.string:q65)
                  00008ca4    00000040     flint.obj (.const:.string:q64)
                  00008ce4    0000003f     flint.obj (.const:.string:q63)
                  00008d23    0000000b     flint.obj (.const:.string:q11)

.cinit     0    00008d30    00003f4c     
                  00008d30    00003f23     (.cinit..data.load) [load image, compression = rle]
                  0000cc53    00000005     --HOLE-- [fill = 0]
                  0000cc58    0000000b     (.cinit..bss.load) [load image, compression = rle]
                  0000cc63    00000001     --HOLE-- [fill = 0]
                  0000cc64    00000008     (__TI_handler_table)
                  0000cc6c    00000010     (__TI_cinit_table)

.init_array 
*          0    00000000    00000000     UNINITIALIZED

.data      0    20000000    000042cc     UNINITIALIZED
                  20000000    0000331c     flint.obj (.data:smallprimes)
                  2000331c    00000400     flint.obj (.data:twotab)
                  2000371c    00000200     flint.obj (.data:oddtab)
                  2000391c    00000135     main.obj (.data:cs_ext_L)
                  20003a51    00000135     main.obj (.data:ds_L)
                  20003b86    00000002     --HOLE--
                  20003b88    000000f0     rtsv7M4_T_le_v4SPD16_eabi.lib : defs.obj (.data:_ftable)
                  20003c78    000000d0                                   : lowlev.obj (.data:$O1$$)
                  20003d48    0000009c     main.obj (.data:ps_L)
                  20003de4    0000009b     main.obj (.data:cs_ext_M)
                  20003e7f    0000009b     main.obj (.data:ds_M)
                  20003f1a    0000009b     main.obj (.data:qs_L)
                  20003fb5    0000004f     main.obj (.data:ps_M)
                  20004004    0000004e     main.obj (.data:cs_ext_S)
                  20004052    0000004e     main.obj (.data:ds_S)
                  200040a0    0000004e     main.obj (.data:qs_M)
                  200040ee    0000002c     main.obj (.data:ms_L)
                  2000411a    0000002c     main.obj (.data:ms_M)
                  20004146    0000002c     main.obj (.data:ms_S)
                  20004172    00000028     main.obj (.data:ps_S)
                  2000419a    00000028     main.obj (.data:qs_S)
                  200041c2    00000002     --HOLE--
                  200041c4    00000020     flint.obj (.data:tab2)
                  200041e4    00000010     flint.obj (.data:ntable)
                  200041f4    00000010     rtsv7M4_T_le_v4SPD16_eabi.lib : defs.obj (.data)
                  20004204    0000000c                                   : exit.obj (.data:$O1$$)
                  20004210    0000000c                                   : memory.obj (.data:$O1$$)
                  2000421c    0000000c     main.obj (.data:cs_ext)
                  20004228    0000000c     main.obj (.data:ds)
                  20004234    0000000c     main.obj (.data:es)
                  20004240    0000000c     main.obj (.data:ms)
                  2000424c    0000000c     main.obj (.data:ps)
                  20004258    0000000c     main.obj (.data:qs)
                  20004264    0000000c     flint.obj (.data:registers)
                  20004270    0000000a     flint.obj (.data:A64)
                  2000427a    0000000a     flint.obj (.data:nul_l)
                  20004284    0000000a     flint.obj (.data:one_l)
                  2000428e    0000000a     flint.obj (.data:two_l)
                  20004298    00000008     rtsv7M4_T_le_v4SPD16_eabi.lib : _lock.obj (.data:$O1$$)
                  200042a0    00000008     flint.obj (.data)
                  200042a8    00000006     main.obj (.data:es_L)
                  200042ae    00000006     main.obj (.data:es_M)
                  200042b4    00000006     main.obj (.data:es_S)
                  200042ba    00000006     main.obj (.data)
                  200042c0    00000004     rtsv7M4_T_le_v4SPD16_eabi.lib : errno.obj (.data)
                  200042c4    00000004                                   : fopen.obj (.data)
                  200042c8    00000004                                   : stkdepth_vars.obj (.data)

.bss       0    200042cc    00000840     UNINITIALIZED
                  200042cc    00000404     flint.obj (.bss:N$1)
                  200046d0    00000120     rtsv7M4_T_le_v4SPD16_eabi.lib : trgmsg.obj (.bss:_CIOBUF_)
                  200047f0    000000c8     flint.obj (.bss:BUFF64)
                  200048b8    000000a0     (.common:__TI_tmpnams)
                  20004958    00000084     flint.obj (.bss:MODBBS)
                  200049dc    00000084     flint.obj (.bss:XBBS)
                  20004a60    00000084     flint.obj (.bss:bytes$2)
                  20004ae4    00000014     flint.obj (.bss:SEED64)
                  20004af8    0000000c     flint.obj (.bss:s$3)
                  20004b04    00000008     rtsv7M4_T_le_v4SPD16_eabi.lib : trgdrv.obj (.bss:parmbuf)

.stack     0    20004b0c    00000200     UNINITIALIZED
                  20004b0c    00000200     --HOLE--

.sysmem    0    20004d10    00000008     UNINITIALIZED
                  20004d10    00000008     rtsv7M4_T_le_v4SPD16_eabi.lib : memory.obj (.sysmem)

MODULE SUMMARY

       Module                         code    ro data   rw data
       ------                         ----    -------   -------
    .\
       flint.obj                      21254   461       16384  
       main.obj                       936     0         1860   
       tm4c123gh6pm_startup_ccs.obj   12      620       0      
    +--+------------------------------+-------+---------+---------+
       Total:                         22202   1081      18244  
                                                               
    C:\ti\ccsv6\tools\compiler\ti-cgt-arm_15.12.1.LTS\lib\rtsv7M4_T_le_v4SPD16_eabi.lib
       _printfi.obj                   4368    0         0      
       memory.obj                     988     0         12     
       lowlev.obj                     780     0         208    
       trgdrv.obj                     804     0         8      
       ull_div_t2.obj                 500     0         0      
       fopen.obj                      452     0         4      
       fd_add_t2.obj                  438     0         0      
       defs.obj                       0       0         416    
       trgmsg.obj                     104     0         288    
       fd_div_t2.obj                  310     0         0      
       fputs.obj                      308     0         0      
       fd_cmp_t2.obj                  268     0         0      
       ctype.obj                      0       257       0      
       fd_mul_t2.obj                  252     0         0      
       s_scalbn.obj                   252     0         0      
       setvbuf.obj                    220     0         0      
       fflush.obj                     200     0         0      
       _io_perm.obj                   172     0         0      
       memcpy_t2.obj                  156     0         0      
       fclose.obj                     152     0         0      
       fputc.obj                      152     0         0      
       memset_t2.obj                  122     0         0      
       autoinit.obj                   112     0         0      
       copy_decompress_rle.obj        112     0         0      
       printf.obj                     112     0         0      
       fseek.obj                      100     0         0      
       s_frexp.obj                    100     0         0      
       exit.obj                       84      0         12     
       sprintf.obj                    96      0         0      
       ltoa.obj                       86      0         0      
       boot.obj                       84      0         0      
       atoi.obj                       76      0         0      
       cpy_tbl.obj                    76      0         0      
       fd_toi_t2.obj                  72      0         0      
       u_divt2.obj                    64      0         0      
       strncpy.obj                    48      0         0      
       i_tofd_t2.obj                  46      0         0      
       memchr.obj                     32      0         0      
       _lock.obj                      20      0         8      
       memccpy.obj                    28      0         0      
       args_main.obj                  24      0         0      
       strcmp.obj                     24      0         0      
       strchr.obj                     22      0         0      
       s_copysign.obj                 20      0         0      
       strcpy.obj                     20      0         0      
       strlen.obj                     20      0         0      
       islower.obj                    16      0         0      
       isspace.obj                    16      0         0      
       isupper.obj                    16      0         0      
       tolower.obj                    16      0         0      
       toupper.obj                    16      0         0      
       copy_decompress_none.obj       14      0         0      
       time.obj                       14      0         0      
       errno.obj                      0       0         4      
       pre_init.obj                   4       0         0      
       stkdepth_vars.obj              0       0         4      
       i_div0.obj                     2       0         0      
       mpu_init.obj                   2       0         0      
       startup.obj                    2       0         0      
    +--+------------------------------+-------+---------+---------+
       Total:                         12594   257       964    
                                                               
       Heap:                          0       0         8      
       Stack:                         0       0         512    
       Linker Generated:              0       16198     0      
    +--+------------------------------+-------+---------+---------+
       Grand Total:                   34796   17536     19728  


LINKER GENERATED COPY TABLES

__TI_cinit_table @ 0000cc6c records: 2, size/record: 8, table size: 16
	.data: load addr=00008d30, load size=00003f23 bytes, run addr=20000000, run size=000042cc bytes, compression=rle
	.bss: load addr=0000cc58, load size=0000000b bytes, run addr=200042cc, run size=00000840 bytes, compression=rle


LINKER GENERATED HANDLER TABLE

__TI_handler_table @ 0000cc64 records: 2, size/record: 4, table size: 8
	index: 0, handler: __TI_decompress_rle24
	index: 1, handler: __TI_decompress_none


GLOBAL SYMBOLS: SORTED ALPHABETICALLY BY Name 

address   name                           
-------   ----                           
200042ba  B                              
200042be  B10                            
200042bc  B2                             
00008735  C$$EXIT                        
00008527  C$$IO$$                        
00000297  FLINTExit_l                    
0000026d  FLINTInit_l                    
000070df  HOSTclock                      
000070a7  HOSTclose                      
00007069  HOSTgetenv                     
0000700d  HOSTlseek                      
00006fbb  HOSTopen                       
00006f6f  HOSTread                       
00006f11  HOSTrename                     
00006ed7  HOSTtime                       
00006e8d  HOSTtime64                     
00006e55  HOSTunlink                     
00006e09  HOSTwrite                      
00008a49  ResetISR                       
UNDEFED   SHT$$INIT_ARRAY$$Base          
UNDEFED   SHT$$INIT_ARRAY$$Limit         
200046d0  __CIOBUF_                      
20004d0c  __STACK_END                    
00000200  __STACK_SIZE                   
20004d0c  __STACK_TOP                    
00000008  __SYSMEM_SIZE                  
0000cc6c  __TI_CINIT_Base                
0000cc7c  __TI_CINIT_Limit               
0000cc64  __TI_Handler_Table_Base        
0000cc6c  __TI_Handler_Table_Limit       
000083ad  __TI_auto_init                 
000076f5  __TI_cleanup                   
20004204  __TI_cleanup_ptr               
000080f5  __TI_closefile                 
00008a2d  __TI_decompress_none           
00008a55  __TI_decompress_rle24          
00007ee5  __TI_doflush                   
20004208  __TI_dtors_ptr                 
2000420c  __TI_enable_exit_profile_output
200041f4  __TI_ft_end                    
ffffffff  __TI_pprof_out_hndl            
0000637f  __TI_printfi                   
ffffffff  __TI_prof_data_size            
ffffffff  __TI_prof_data_start           
0000800f  __TI_rd_ok                     
0000852b  __TI_readmsg                   
00000000  __TI_static_base__             
200048b8  __TI_tmpnams                   
000084f9  __TI_writemsg                  
00007fad  __TI_wrt_ok                    
00008225  __aeabi_cdcmpeq                
00008225  __aeabi_cdcmple                
000082ab  __aeabi_cdrcmple               
00008821  __aeabi_d2iz                   
000077fb  __aeabi_dadd                   
000079a7  __aeabi_ddiv                   
00007c11  __aeabi_dmul                   
000077f1  __aeabi_dsub                   
000088d9  __aeabi_i2d                    
00005573  __aeabi_idiv0                  
00008331  __aeabi_memclr                 
00008331  __aeabi_memclr4                
00008331  __aeabi_memclr8                
00008059  __aeabi_memcpy                 
00008059  __aeabi_memcpy4                
00008059  __aeabi_memcpy8                
00008333  __aeabi_memset                 
00008333  __aeabi_memset4                
00008333  __aeabi_memset8                
20004200  __aeabi_stderr                 
200041f8  __aeabi_stdin                  
200041fc  __aeabi_stdout                 
00008869  __aeabi_uidiv                  
00008869  __aeabi_uidivmod               
00007439  __aeabi_uldivmod               
ffffffff  __binit__                      
ffffffff  __c_args__                     
000083ab  __mpu_init                     
20004b0c  __stack                        
00008a3b  __time32                       
00008945  _args_main                     
000086e1  _c_int00                       
00008b62  _ctypes_                       
20003b88  _ftable                        
20004298  _lock                          
0000899b  _nop                           
00008993  _register_lock                 
0000898d  _register_unlock               
20004d10  _sys_memory                    
000084f7  _system_post_cinit             
00008a5b  _system_pre_init               
2000429c  _unlock                        
00008739  abort                          
00004bb5  add                            
0000738d  add_device                     
0000051b  add_l                          
000031e7  and_l                          
00008789  atoi                           
ffffffff  binit                          
000043ff  byte2clint_l                   
00006a2d  calloc                         
00006d31  check_cipher                   
00003b35  chinrem_l                      
00002fcb  clearbit_l                     
00004345  clint2byte_l                   
000070df  clock                          
0000733d  close                          
00000411  cmp_l                          
000087d5  copy_in                        
000089a1  copysign                       
000089a1  copysignl                      
000002a1  cpy_l                          
00004629  create_l                       
000046a5  create_reg_l                   
2000421c  cs_ext                         
2000391c  cs_ext_L                       
20003de4  cs_ext_M                       
20004004  cs_ext_S                       
0000067b  dec_l                          
000007eb  div_l                          
20004228  ds                             
20003a51  ds_L                           
20003e7f  ds_M                           
20004052  ds_S                           
00000325  equ_l                          
200042c0  errno                          
20004234  es                             
200042a8  es_L                           
200042ae  es_M                           
200042b4  es_S                           
00008741  exit                           
00004521  fbinstr_l                      
0000815b  fclose                         
00004501  fdecstr_l                      
00007f31  fflush                         
000044f1  fhexstr_l                      
00004511  foctstr_l                      
0000774b  fopen                          
0000818d  fputc                          
00007add  fputs                          
0000677b  free                           
00004679  free_l                         
0000476b  free_reg_l                     
00007721  freopen                        
000085c5  frexp                          
000085c5  frexpl                         
00008561  fseek                          
000002ff  fswap_l                        
00000000  g_pfnVectors                   
00003277  gcd_l                          
00005267  genprimes                      
000046cf  get_reg_l                      
00000601  inc_l                          
0000352f  inv_l                          
00001529  invmon_l                       
0000373d  iroot_l                        
000089dd  islower                        
000089ed  isspace                        
00003699  issqr_l                        
000089fd  isupper                        
00003c4d  jacobi_l                       
0000363f  lcm_l                          
00002e75  ld_l                           
00007d0d  ldexp                          
00007d0d  ldexpl                         
00007319  lseek                          
00008689  ltoa                           
0000109f  madd_l                         
00006a61  main                           
200042c8  main_func_sp                   
00006713  malloc                         
00006949  memalign                       
00008927  memccpy                        
00008907  memchr                         
00008059  memcpy                         
00008339  memset                         
000003d3  mequ_l                         
00002541  mexp2_l                        
000015d5  mexp5_l                        
00001cd5  mexp5m_l                       
00001599  mexp_l                         
00001939  mexpk_l                        
000020f5  mexpkm_l                       
00006685  minit                          
000011b5  mmul_l                         
00001023  mod2_l                         
00001003  mod_l                          
20004240  ms                             
200040ee  ms_L                           
2000411a  ms_M                           
20004146  ms_S                           
00001205  msqr_l                         
0000112b  msub_l                         
000006f9  mul_l                          
00001249  mulmon_l                       
00004d81  mult                           
2000427a  nul_l                          
20004284  one_l                          
0000726b  open                           
0000311f  or_l                           
00003e59  prime_l                        
00003a89  primroot_l                     
00008425  printf                         
000037b9  proot_l                        
2000424c  ps                             
20003d48  ps_L                           
20003fb5  ps_M                           
20004172  ps_S                           
00004639  purge_l                        
000046f7  purge_reg_l                    
00004727  purgeall_reg_l                 
0000464d  purged_l                       
00004663  purgeq_l                       
0000818d  putc                           
00008211  putchar                        
00007be9  puts                           
20004258  qs                             
20003f1a  qs_L                           
200040a0  qs_M                           
2000419a  qs_S                           
000047e5  rand64_l                       
00004ae7  randBBS_l                      
000048fd  rand_l                         
000049c5  randbit_l                      
00007247  read                           
0000683d  realloc                        
000071bd  remove                         
0000721f  remove_device                  
000071e1  rename                         
00003931  root_l                         
00006bbd  rsa                            
00006c05  rsa_crt                        
000050c3  sadd                           
00007d0d  scalbn                         
00007d0d  scalbnl                        
0000489d  seed64_l                       
00004a83  seedBBS_l                      
00004693  set_noofregs_l                 
00002ed3  setbit_l                       
000004df  setmax_l                       
00007e09  setvbuf                        
00000ddb  shift_l                        
00000d0d  shl_l                          
00000c85  shr_l                          
00003d59  sieve_l                        
20000000  smallprimes                    
0000520f  smod                           
00008629  sprintf                        
00004f4d  sqr                            
0000077b  sqr_l                          
000013b1  sqrmon_l                       
00006b75  squ_and_mul                    
00005169  ssub                           
000041e3  str2clint_l                    
00008975  strchr                         
0000895d  strcmp                         
000089b5  strcpy                         
000089c9  strlen                         
000054ad  strlwr_l                       
000088a9  strncpy                        
00005423  strrev_l                       
000054dd  strupr_l                       
00004cb9  sub                            
00000585  sub_l                          
00002f7d  testbit_l                      
00008a3b  time                           
00008a0d  tolower                        
0000547d  tolower_l                      
00008a1d  toupper                        
00005495  toupper_l                      
2000428e  two_l                          
0000409b  twofact_l                      
00004471  u2clint_l                      
000025bd  uadd_l                         
0000480f  ucrand64_l                     
000049db  ucrandBBS_l                    
00002ccd  udiv_l                         
000044ad  ul2clint_l                     
00004837  ulrand64_l                     
00004a57  ulrandBBS_l                    
000048df  ulseed64_l                     
00004acd  ulseedBBS_l                    
0000550d  ultoa_l                        
000025ed  umadd_l                        
00002a59  umexp_l                        
00002b41  umexpm_l                       
000026f1  ummul_l                        
00002e1f  umod_l                         
0000264b  umsub_l                        
00004eb7  umul                           
00002679  umul_l                         
000071bd  unlink                         
00004825  usrand64_l                     
00004a19  usrandBBS_l                    
00002621  usub_l                         
00004789  vcheck_l                       
00004531  version_l                      
00004535  verstr_l                       
0000271f  wmexp_l                        
00002887  wmexpm_l                       
0000712d  write                          
000040f1  xclint2str_l                   
00003413  xgcd_l                         
00003057  xor_l                          


GLOBAL SYMBOLS: SORTED BY Symbol Address 

address   name                           
-------   ----                           
00000000  __TI_static_base__             
00000000  g_pfnVectors                   
00000008  __SYSMEM_SIZE                  
00000200  __STACK_SIZE                   
0000026d  FLINTInit_l                    
00000297  FLINTExit_l                    
000002a1  cpy_l                          
000002ff  fswap_l                        
00000325  equ_l                          
000003d3  mequ_l                         
00000411  cmp_l                          
000004df  setmax_l                       
0000051b  add_l                          
00000585  sub_l                          
00000601  inc_l                          
0000067b  dec_l                          
000006f9  mul_l                          
0000077b  sqr_l                          
000007eb  div_l                          
00000c85  shr_l                          
00000d0d  shl_l                          
00000ddb  shift_l                        
00001003  mod_l                          
00001023  mod2_l                         
0000109f  madd_l                         
0000112b  msub_l                         
000011b5  mmul_l                         
00001205  msqr_l                         
00001249  mulmon_l                       
000013b1  sqrmon_l                       
00001529  invmon_l                       
00001599  mexp_l                         
000015d5  mexp5_l                        
00001939  mexpk_l                        
00001cd5  mexp5m_l                       
000020f5  mexpkm_l                       
00002541  mexp2_l                        
000025bd  uadd_l                         
000025ed  umadd_l                        
00002621  usub_l                         
0000264b  umsub_l                        
00002679  umul_l                         
000026f1  ummul_l                        
0000271f  wmexp_l                        
00002887  wmexpm_l                       
00002a59  umexp_l                        
00002b41  umexpm_l                       
00002ccd  udiv_l                         
00002e1f  umod_l                         
00002e75  ld_l                           
00002ed3  setbit_l                       
00002f7d  testbit_l                      
00002fcb  clearbit_l                     
00003057  xor_l                          
0000311f  or_l                           
000031e7  and_l                          
00003277  gcd_l                          
00003413  xgcd_l                         
0000352f  inv_l                          
0000363f  lcm_l                          
00003699  issqr_l                        
0000373d  iroot_l                        
000037b9  proot_l                        
00003931  root_l                         
00003a89  primroot_l                     
00003b35  chinrem_l                      
00003c4d  jacobi_l                       
00003d59  sieve_l                        
00003e59  prime_l                        
0000409b  twofact_l                      
000040f1  xclint2str_l                   
000041e3  str2clint_l                    
00004345  clint2byte_l                   
000043ff  byte2clint_l                   
00004471  u2clint_l                      
000044ad  ul2clint_l                     
000044f1  fhexstr_l                      
00004501  fdecstr_l                      
00004511  foctstr_l                      
00004521  fbinstr_l                      
00004531  version_l                      
00004535  verstr_l                       
00004629  create_l                       
00004639  purge_l                        
0000464d  purged_l                       
00004663  purgeq_l                       
00004679  free_l                         
00004693  set_noofregs_l                 
000046a5  create_reg_l                   
000046cf  get_reg_l                      
000046f7  purge_reg_l                    
00004727  purgeall_reg_l                 
0000476b  free_reg_l                     
00004789  vcheck_l                       
000047e5  rand64_l                       
0000480f  ucrand64_l                     
00004825  usrand64_l                     
00004837  ulrand64_l                     
0000489d  seed64_l                       
000048df  ulseed64_l                     
000048fd  rand_l                         
000049c5  randbit_l                      
000049db  ucrandBBS_l                    
00004a19  usrandBBS_l                    
00004a57  ulrandBBS_l                    
00004a83  seedBBS_l                      
00004acd  ulseedBBS_l                    
00004ae7  randBBS_l                      
00004bb5  add                            
00004cb9  sub                            
00004d81  mult                           
00004eb7  umul                           
00004f4d  sqr                            
000050c3  sadd                           
00005169  ssub                           
0000520f  smod                           
00005267  genprimes                      
00005423  strrev_l                       
0000547d  tolower_l                      
00005495  toupper_l                      
000054ad  strlwr_l                       
000054dd  strupr_l                       
0000550d  ultoa_l                        
00005573  __aeabi_idiv0                  
0000637f  __TI_printfi                   
00006685  minit                          
00006713  malloc                         
0000677b  free                           
0000683d  realloc                        
00006949  memalign                       
00006a2d  calloc                         
00006a61  main                           
00006b75  squ_and_mul                    
00006bbd  rsa                            
00006c05  rsa_crt                        
00006d31  check_cipher                   
00006e09  HOSTwrite                      
00006e55  HOSTunlink                     
00006e8d  HOSTtime64                     
00006ed7  HOSTtime                       
00006f11  HOSTrename                     
00006f6f  HOSTread                       
00006fbb  HOSTopen                       
0000700d  HOSTlseek                      
00007069  HOSTgetenv                     
000070a7  HOSTclose                      
000070df  HOSTclock                      
000070df  clock                          
0000712d  write                          
000071bd  remove                         
000071bd  unlink                         
000071e1  rename                         
0000721f  remove_device                  
00007247  read                           
0000726b  open                           
00007319  lseek                          
0000733d  close                          
0000738d  add_device                     
00007439  __aeabi_uldivmod               
000076f5  __TI_cleanup                   
00007721  freopen                        
0000774b  fopen                          
000077f1  __aeabi_dsub                   
000077fb  __aeabi_dadd                   
000079a7  __aeabi_ddiv                   
00007add  fputs                          
00007be9  puts                           
00007c11  __aeabi_dmul                   
00007d0d  ldexp                          
00007d0d  ldexpl                         
00007d0d  scalbn                         
00007d0d  scalbnl                        
00007e09  setvbuf                        
00007ee5  __TI_doflush                   
00007f31  fflush                         
00007fad  __TI_wrt_ok                    
0000800f  __TI_rd_ok                     
00008059  __aeabi_memcpy                 
00008059  __aeabi_memcpy4                
00008059  __aeabi_memcpy8                
00008059  memcpy                         
000080f5  __TI_closefile                 
0000815b  fclose                         
0000818d  fputc                          
0000818d  putc                           
00008211  putchar                        
00008225  __aeabi_cdcmpeq                
00008225  __aeabi_cdcmple                
000082ab  __aeabi_cdrcmple               
00008331  __aeabi_memclr                 
00008331  __aeabi_memclr4                
00008331  __aeabi_memclr8                
00008333  __aeabi_memset                 
00008333  __aeabi_memset4                
00008333  __aeabi_memset8                
00008339  memset                         
000083ab  __mpu_init                     
000083ad  __TI_auto_init                 
00008425  printf                         
000084f7  _system_post_cinit             
000084f9  __TI_writemsg                  
00008527  C$$IO$$                        
0000852b  __TI_readmsg                   
00008561  fseek                          
000085c5  frexp                          
000085c5  frexpl                         
00008629  sprintf                        
00008689  ltoa                           
000086e1  _c_int00                       
00008735  C$$EXIT                        
00008739  abort                          
00008741  exit                           
00008789  atoi                           
000087d5  copy_in                        
00008821  __aeabi_d2iz                   
00008869  __aeabi_uidiv                  
00008869  __aeabi_uidivmod               
000088a9  strncpy                        
000088d9  __aeabi_i2d                    
00008907  memchr                         
00008927  memccpy                        
00008945  _args_main                     
0000895d  strcmp                         
00008975  strchr                         
0000898d  _register_unlock               
00008993  _register_lock                 
0000899b  _nop                           
000089a1  copysign                       
000089a1  copysignl                      
000089b5  strcpy                         
000089c9  strlen                         
000089dd  islower                        
000089ed  isspace                        
000089fd  isupper                        
00008a0d  tolower                        
00008a1d  toupper                        
00008a2d  __TI_decompress_none           
00008a3b  __time32                       
00008a3b  time                           
00008a49  ResetISR                       
00008a55  __TI_decompress_rle24          
00008a5b  _system_pre_init               
00008b62  _ctypes_                       
0000cc64  __TI_Handler_Table_Base        
0000cc6c  __TI_CINIT_Base                
0000cc6c  __TI_Handler_Table_Limit       
0000cc7c  __TI_CINIT_Limit               
20000000  smallprimes                    
2000391c  cs_ext_L                       
20003a51  ds_L                           
20003b88  _ftable                        
20003d48  ps_L                           
20003de4  cs_ext_M                       
20003e7f  ds_M                           
20003f1a  qs_L                           
20003fb5  ps_M                           
20004004  cs_ext_S                       
20004052  ds_S                           
200040a0  qs_M                           
200040ee  ms_L                           
2000411a  ms_M                           
20004146  ms_S                           
20004172  ps_S                           
2000419a  qs_S                           
200041f4  __TI_ft_end                    
200041f8  __aeabi_stdin                  
200041fc  __aeabi_stdout                 
20004200  __aeabi_stderr                 
20004204  __TI_cleanup_ptr               
20004208  __TI_dtors_ptr                 
2000420c  __TI_enable_exit_profile_output
2000421c  cs_ext                         
20004228  ds                             
20004234  es                             
20004240  ms                             
2000424c  ps                             
20004258  qs                             
2000427a  nul_l                          
20004284  one_l                          
2000428e  two_l                          
20004298  _lock                          
2000429c  _unlock                        
200042a8  es_L                           
200042ae  es_M                           
200042b4  es_S                           
200042ba  B                              
200042bc  B2                             
200042be  B10                            
200042c0  errno                          
200042c8  main_func_sp                   
200046d0  __CIOBUF_                      
200048b8  __TI_tmpnams                   
20004b0c  __stack                        
20004d0c  __STACK_END                    
20004d0c  __STACK_TOP                    
20004d10  _sys_memory                    
ffffffff  __TI_pprof_out_hndl            
ffffffff  __TI_prof_data_size            
ffffffff  __TI_prof_data_start           
ffffffff  __binit__                      
ffffffff  __c_args__                     
ffffffff  binit                          
UNDEFED   SHT$$INIT_ARRAY$$Base          
UNDEFED   SHT$$INIT_ARRAY$$Limit         

[304 symbols]
